#
# A fatal error has been detected by the Java Runtime Environment:
#
#  EXCEPTION_ACCESS_VIOLATION (0xc0000005) at pc=0x00007ffc0265594f, pid=15216, tid=18268
#
# JRE version: Java(TM) SE Runtime Environment (24.0.1+9) (build 24.0.1+9-30)
# Java VM: Java HotSpot(TM) 64-Bit Server VM (24.0.1+9-30, mixed mode, sharing, tiered, compressed oops, compressed class ptrs, g1 gc, windows-amd64)
# Problematic frame:
# V  [jvm.dll+0x48594f]
#
# No core dump will be written. Minidumps are not enabled by default on client versions of Windows
#
# If you would like to submit a bug report, please visit:
#   https://bugreport.java.com/bugreport/crash.jsp
#

---------------  S U M M A R Y ------------

Command Line: -XX:+ShowCodeDetailsInExceptionMessages App

Host: Intel(R) Core(TM) i5-7400 CPU @ 3.00GHz, 4 cores, 23G,  Windows 10 , 64 bit Build 19041 (10.0.19041.3636)
Time: Wed Oct  7 21:26:52 2026 Hora estándar de Argentina elapsed time: 3.453125 seconds (0d 0h 0m 3s)

---------------  T H R E A D  ---------------

Current thread (0x00000203e7eef570):  JavaThread "WindowsNativeRunloopThread"        [_thread_in_vm, id=18268, stack(0x000000e0de700000,0x000000e0de800000) (1024K)]

Stack: [0x000000e0de700000,0x000000e0de800000],  sp=0x000000e0de7fedb0,  free space=1019k
Native frames: (J=compiled Java code, j=interpreted, Vv=VM code, C=native code)
V  [jvm.dll+0x48594f]  (no source info available)
C  [glass.dll+0x54d0]  (no source info available)
C  [glass.dll+0xaeb6]  (no source info available)
C  0x000002038fd1ce20  (no source info available)

The last pc belongs to native method entry point (kind = native) (printed below).
Java frames: (J=compiled Java code, j=interpreted, Vv=VM code)
j  com.sun.glass.ui.win.WinApplication._runLoop(Ljava/lang/Runnable;)V+0
j  com.sun.glass.ui.win.WinApplication.lambda$runLoop$3(ILjava/lang/Runnable;)V+8
j  com.sun.glass.ui.win.WinApplication$$Lambda+0x000002039f0d7840.run()V+12
j  java.lang.Thread.runWith(Ljava/lang/Object;Ljava/lang/Runnable;)V+5 java.base@24.0.1
j  java.lang.Thread.run()V+19 java.base@24.0.1
v  ~StubRoutines::call_stub 0x000002038fd10fcd

siginfo: EXCEPTION_ACCESS_VIOLATION (0xc0000005), reading address 0x0000000000000000


Registers:
RAX=0x0000000000000000, RBX=0x00000203e7eef570, RCX=0x00000203e7eef938, RDX=0x000000e0de7fef98
RSP=0x000000e0de7fedb0, RBP=0x000000e0de7feeb8, RSI=0x0000000000000000, RDI=0x00000203e7eef938
R8 =0x0000000000000000, R9 =0x000000e0de7feeb8, R10=0x00007ffc026558a0, R11=0x000000e0de7fee50
R12=0x0000000000000000, R13=0x00000203df6b2108, R14=0x000000e0de7fef98, R15=0x00000203e7eef570
RIP=0x00007ffc0265594f, EFLAGS=0x0000000000010246

XMM[0]=0x0000000000000000 0x0000000000000000
XMM[1]=0x0000000000000000 0x0000000000000000
XMM[2]=0x0000000000000000 0x0000000000000000
XMM[3]=0x0000000000000000 0x0000000000000000
XMM[4]=0x0000000000000000 0x0000000000000000
XMM[5]=0x0000000000000000 0x0000000000000000
XMM[6]=0x0000000000000000 0x0000000000000000
XMM[7]=0x0000000000000000 0x0000000000000000
XMM[8]=0x0000000000000000 0x0000000000000000
XMM[9]=0x0000000000000000 0x0000000000000000
XMM[10]=0x0000000000000000 0x0000000000000000
XMM[11]=0x0000000000000000 0x0000000000000000
XMM[12]=0x0000000000000000 0x0000000000000000
XMM[13]=0x0000000000000000 0x0000000000000000
XMM[14]=0x0000000000000000 0x0000000000000000
XMM[15]=0x0000000000000000 0x0000000000000000
  MXCSR=0x00001fa0


Register to memory mapping:

RAX=0x0 is null
RBX=0x00000203e7eef570 is a thread
RCX=0x00000203e7eef938 points into unknown readable memory: 0x00007ffc02e017b0 | b0 17 e0 02 fc 7f 00 00
RDX=0x000000e0de7fef98 is pointing into the stack for thread: 0x00000203e7eef570
RSP=0x000000e0de7fedb0 is pointing into the stack for thread: 0x00000203e7eef570
RBP=0x000000e0de7feeb8 is pointing into the stack for thread: 0x00000203e7eef570
RSI=0x0 is null
RDI=0x00000203e7eef938 points into unknown readable memory: 0x00007ffc02e017b0 | b0 17 e0 02 fc 7f 00 00
R8 =0x0 is null
R9 =0x000000e0de7feeb8 is pointing into the stack for thread: 0x00000203e7eef570
R10=0x00007ffc026558a0 jvm.dll
R11=0x000000e0de7fee50 is pointing into the stack for thread: 0x00000203e7eef570
R12=0x0 is null
R13={method} {0x00000203df6b2110} '_runLoop' '(Ljava/lang/Runnable;)V' in 'com/sun/glass/ui/win/WinApplication'
R14=0x000000e0de7fef98 is pointing into the stack for thread: 0x00000203e7eef570
R15=0x00000203e7eef570 is a thread

Top of Stack: (sp=0x000000e0de7fedb0)
0x000000e0de7fedb0:   00000203fc971600 0000000000000001   ................
0x000000e0de7fedc0:   0000000000000000 0000000000000000   ................
0x000000e0de7fedd0:   00000203df6eb4a8 0000000000000005   ..n.............
0x000000e0de7fede0:   00000203df6eb4a8 0000000000000005   ..n.............
0x000000e0de7fedf0:   0000000000000005 00007ffc0289d7c6   ................
0x000000e0de7fee00:   00000203e7eef570 0000000000000000   p...............
0x000000e0de7fee10:   000000000000000d 00007ffcc2a58299   ................
0x000000e0de7fee20:   0000000000000000 00007ffcc38e284f   ........O(......
0x000000e0de7fee30:   00000203e7eef570 000000e0de7fefa0   p...............
0x000000e0de7fee40:   00007ffcc2b4f2b0 0000000000000001   ................
0x000000e0de7fee50:   00000203e7eef570 000000e0de7fefa0   p...............
0x000000e0de7fee60:   00000203e7eef938 00007ffc3d2d54d0   8........T-=....
0x000000e0de7fee70:   0000000000000000 000000e0de7fef78   ........x.......
0x000000e0de7fee80:   000000e0de7fef98 00000203e7eef938   ........8.......
0x000000e0de7fee90:   000000e0de7fef98 00007ffc3d2daeb6   ..........-=....
0x000000e0de7feea0:   00000203df6b2108 00000203de7fefa0   .!k.............
0x000000e0de7feeb0:   0000000000000000 0000000000000004   ................
0x000000e0de7feec0:   000002038fd188f6 000002038fd1cc84   ................
0x000000e0de7feed0:   00000203df6b2108 00000203df6b2108   .!k......!k.....
0x000000e0de7feee0:   00000203df6b2108 0000000000000000   .!k.............
0x000000e0de7feef0:   000002038fd188f6 000002038fd1ce20   ........ .......
0x000000e0de7fef00:   00000203df6b2108 000002038fd1bb40   .!k.....@.......
0x000000e0de7fef10:   3ff0000000000000 00000203e7eef570   .......?p.......
0x000000e0de7fef20:   000002038fd1bb40 000002038fd1cafb   @...............
0x000000e0de7fef30:   fffffffffffffff7 00000203df6b2108   .........!k.....
0x000000e0de7fef40:   0000000000000005 00000203df6e08d8   ..........n.....
0x000000e0de7fef50:   0000000000000000 0000000698150a60   ........`.......
0x000000e0de7fef60:   00000203df6b2108 0000000000000000   .!k.............
0x000000e0de7fef70:   000000e0de7fef98 000000e0de7feff0   ................
0x000000e0de7fef80:   000002038fd18800 0000000000000000   ................
0x000000e0de7fef90:   000002038fd1a437 00000006981bfed8   7...............
0x000000e0de7fefa0:   00000006981af158 fffffffffffffff7   X...............

Instructions: (pc=0x00007ffc0265594f)
  0x00007ffc0265584f:   ff 48 8b 4b 08 48 8b 43 10 48 89 41 18 48 8b 4b
  0x00007ffc0265585f:   08 48 8b 43 18 48 89 41 20 48 8b 4b 08 48 8b 43
  0x00007ffc0265586f:   20 48 89 41 28 48 8d 8f a8 03 00 00 e8 00 2b ec
  0x00007ffc0265587f:   ff 90 c7 87 54 04 00 00 04 00 00 00 48 81 c4 b8
  0x00007ffc0265588f:   00 00 00 41 5f 41 5e 5f 5e 5d 5b c3 cc cc cc cc
  0x00007ffc0265589f:   cc 48 89 5c 24 08 48 89 6c 24 10 48 89 74 24 18
  0x00007ffc026558af:   57 41 56 41 57 48 81 ec a0 00 00 00 8b 81 a0 00
  0x00007ffc026558bf:   00 00 48 8d 99 38 fc ff ff 05 53 21 ff ff 49 8b
  0x00007ffc026558cf:   e9 49 8b f0 4c 8b f2 48 8b f9 83 f8 01 77 08 48
  0x00007ffc026558df:   8b cb e8 da 5e fa ff 80 3d 0a 1e 81 00 00 c7 83
  0x00007ffc026558ef:   54 04 00 00 06 00 00 00 75 06 e8 f2 9f 29 00 90
  0x00007ffc026558ff:   48 8b 43 28 a8 01 74 0d 45 33 c0 b2 01 48 8b cb
  0x00007ffc0265590f:   e8 3c 04 31 00 8b 83 50 04 00 00 a8 0c 74 08 48
  0x00007ffc0265591f:   8b cb e8 ca 77 fa ff c7 83 54 04 00 00 06 00 00
  0x00007ffc0265592f:   00 48 83 7b 08 00 48 89 5c 24 50 48 c7 44 24 58
  0x00007ffc0265593f:   00 00 00 00 74 0a 48 8d 4c 24 50 e8 31 9d 2d 00
=>0x00007ffc0265594f:   48 8b 16 48 8d 4c 24 70 c6 44 24 40 0e e8 9f 03
  0x00007ffc0265595f:   01 00 48 8d 44 24 70 48 89 5c 24 30 48 89 44 24
  0x00007ffc0265596f:   28 4c 8d 3d 51 35 5d 00 41 b9 01 00 00 00 48 89
  0x00007ffc0265597f:   74 24 20 4d 8b c6 4c 89 7c 24 70 48 8d 54 24 40
  0x00007ffc0265598f:   48 89 ac 24 98 00 00 00 48 8b cf e8 21 13 01 00
  0x00007ffc0265599f:   48 83 7c 24 58 00 4c 89 7c 24 70 48 c7 84 24 98
  0x00007ffc026559af:   00 00 00 00 00 00 00 74 0a 48 8d 4c 24 50 e8 3e
  0x00007ffc026559bf:   9d 2d 00 48 8b bb a8 01 00 00 48 8b 47 10 48 83
  0x00007ffc026559cf:   38 00 74 08 48 8b cf e8 85 34 f5 ff 48 8b 4f 08
  0x00007ffc026559df:   48 8b 47 10 48 89 41 18 48 8b 4f 08 48 8b 47 18
  0x00007ffc026559ef:   48 89 41 20 48 8b 4f 08 48 8b 47 20 48 89 41 28
  0x00007ffc026559ff:   48 8d 8b a8 03 00 00 e8 75 29 ec ff 4c 8d 9c 24
  0x00007ffc02655a0f:   a0 00 00 00 90 49 8b 6b 28 49 8b 73 30 c7 83 54
  0x00007ffc02655a1f:   04 00 00 04 00 00 00 49 8b 5b 20 49 8b e3 41 5f
  0x00007ffc02655a2f:   41 5e 5f c3 cc cc cc cc cc cc cc cc cc cc cc cc
  0x00007ffc02655a3f:   cc 48 89 5c 24 08 48 89 6c 24 10 48 89 74 24 18


Stack slot to memory mapping:

stack at sp + 0 slots: 0x00000203fc971600 points into unknown readable memory: 0x0000000000000000 | 00 00 00 00 00 00 00 00
stack at sp + 1 slots: 0x0000000000000001 is an unknown value
stack at sp + 2 slots: 0x0 is null
stack at sp + 3 slots: 0x0 is null
stack at sp + 4 slots: 0x00000203df6eb4a8 is pointing into metadata
stack at sp + 5 slots: 0x0000000000000005 is an unknown value
stack at sp + 6 slots: 0x00000203df6eb4a8 is pointing into metadata
stack at sp + 7 slots: 0x0000000000000005 is an unknown value

Lock stack of current Java thread (top to bottom):

native method entry point (kind = native)  [0x000002038fd1ca40, 0x000002038fd1d478]  2616 bytes
[MachCode]
  0x000002038fd1ca40: 488b 4b08 | 0fb7 492e | 584c 8d74 | ccf8 6800 | 0000 0068 | 0000 0000 | 5055 488b | ec41 5568 
  0x000002038fd1ca60: 0000 0000 | 4c8b 6b08 | 4d8d 6d38 | 5348 8b53 | 0848 8b52 | 0848 8b52 | 1848 8b52 | 7048 8b12 
  0x000002038fd1ca80: 5248 8b53 | 1048 85d2 | 0f84 0700 | 0000 4881 | c208 0100 | 0052 488b | 5308 488b | 5208 488b 
  0x000002038fd1caa0: 5210 5249 | 8bc6 482b | c548 c1e8 | 0350 6800 | 0000 0068 | f7ff ffff | 41c6 8771 | 0400 0001 
  0x000002038fd1cac0: 488b 4310 | 4885 c074 | 208b 88cc | 0000 0083 | c102 8988 | cc00 0000 | 2388 e000 | 0000 0f84 
  0x000002038fd1cae0: e408 0000 | e9cd 0000 | 0048 8b43 | 1848 85c0 | 0f85 b000 | 0000 e805 | 0000 00e9 | 9900 0000 
  0x000002038fd1cb00: 488b d348 | 8d44 2408 | 4c89 6dc0 | 498b cfc5 | f877 4989 | afb8 0300 | 0049 8987 | a803 0000 
  0x000002038fd1cb20: 4883 ec20 | 40f6 c40f | 0f84 1900 | 0000 4883 | ec08 48b8 | 6030 5e02 | fc7f 0000 | ffd0 4883 
  0x000002038fd1cb40: c408 e90c | 0000 0048 | b860 305e | 02fc 7f00 | 00ff d048 | 83c4 2049 | c787 a803 | 0000 0000 
  0x000002038fd1cb60: 0000 49c7 | 87b8 0300 | 0000 0000 | 0049 c787 | b003 0000 | 0000 0000 | c5f8 7749 | 837f 0800 
  0x000002038fd1cb80: 0f84 0500 | 0000 e935 | 43ff ff4c | 8b6d c04c | 8b75 c84e | 8d74 f500 | c348 8b43 | 1848 85c0 
  0x000002038fd1cba0: 0f84 1000 | 0000 8b08 | 83c1 0289 | 0823 4814 | 0f84 1208 | 0000 493b | a7f0 0400 | 000f 8748 
  0x000002038fd1cbc0: 0000 0089 | 8424 00f0 | ffff 8984 | 2400 e0ff | ff89 8424 | 00d0 ffff | 8984 2400 | c0ff ff89 
  0x000002038fd1cbe0: 8424 00b0 | ffff 8984 | 2400 a0ff | ff89 8424 | 0090 ffff | 8984 2400 | 80ff ff49 | 3ba7 e804 
  0x000002038fd1cc00: 0000 7607 | 4989 a7f0 | 0400 0041 | c687 7104 | 0000 0048 | 8b5d e84c | 8b5b 0845 | 0fb7 5b2e 
  0x000002038fd1cc20: 41c1 e303 | 492b e348 | 83ec 2048 | 83e4 f04c | 8b5b 604d | 85db 0f85 | ab00 0000 | e805 0000 
  0x000002038fd1cc40: 00e9 9900 | 0000 488b | d348 8d44 | 2408 4c89 | 6dc0 498b | cfc5 f877 | 4989 afb8 | 0300 0049 
  0x000002038fd1cc60: 8987 a803 | 0000 4883 | ec20 40f6 | c40f 0f84 | 1900 0000 | 4883 ec08 | 48b8 a05a | 5e02 fc7f 
  0x000002038fd1cc80: 0000 ffd0 | 4883 c408 | e90c 0000 | 0048 b8a0 | 5a5e 02fc | 7f00 00ff | d048 83c4 | 2049 c787 
  0x000002038fd1cca0: a803 0000 | 0000 0000 | 49c7 87b8 | 0300 0000 | 0000 0049 | c787 b003 | 0000 0000 | 0000 c5f8 
  0x000002038fd1ccc0: 7749 837f | 0800 0f84 | 0500 0000 | e9ef 41ff | ff4c 8b6d | c04c 8b75 | c84e 8d74 | f500 c348 
  0x000002038fd1cce0: 8b5d e84c | 8b5b 6041 | ffd3 488b | 5de8 4889 | 4518 448b | 5b28 41f6 | c308 0f84 | 1b00 0000 
  0x000002038fd1cd00: 4c8b 5b08 | 4d8b 5b08 | 4d8b 5b18 | 4d8b 5b70 | 4d8b 1b4c | 895d 1048 | 8d55 1048 | 8b43 5849 
  0x000002038fd1cd20: ba40 7097 | 02fc 7f00 | 0049 3bc2 | 0f85 ab00 | 0000 e805 | 0000 00e9 | 9900 0000 | 488b d348 
  0x000002038fd1cd40: 8d44 2408 | 4c89 6dc0 | 498b cfc5 | f877 4989 | afb8 0300 | 0049 8987 | a803 0000 | 4883 ec20 
  0x000002038fd1cd60: 40f6 c40f | 0f84 1900 | 0000 4883 | ec08 48b8 | a05a 5e02 | fc7f 0000 | ffd0 4883 | c408 e90c 
  0x000002038fd1cd80: 0000 0048 | b8a0 5a5e | 02fc 7f00 | 00ff d048 | 83c4 2049 | c787 a803 | 0000 0000 | 0000 49c7 
  0x000002038fd1cda0: 87b8 0300 | 0000 0000 | 0049 c787 | b003 0000 | 0000 0000 | c5f8 7749 | 837f 0800 | 0f84 0500 
  0x000002038fd1cdc0: 0000 e9f9 | 40ff ff4c | 8b6d c04c | 8b75 c84e | 8d74 f500 | c348 8b5d | e848 8b43 | 5849 8d8f 
  0x000002038fd1cde0: c803 0000 | 4c8d 15d5 | 0000 004d | 8997 b003 | 0000 c5f8 | 7749 89af | b803 0000 | 4989 a7a8 
  0x000002038fd1ce00: 0300 0041 | c787 5404 | 0000 0400 | 0000 493b | a748 0500 | 0076 0749 | 89a7 4805 | 0000 ffd0 
  0x000002038fd1ce20: 493b a748 | 0500 0072 | 0b49 c787 | 4805 0000 | 0000 0000 | c5f8 7748 | 83ec 10c5 | fb11 0424 
  0x000002038fd1ce40: 4883 ec10 | 4889 0424 | 48c7 4424 | 0800 0000 | 0041 c787 | 5404 0000 | 0500 0000 | f083 4424 
  0x000002038fd1ce60: c000 493b | 6f28 0f87 | 0e00 0000 | 4183 bf50 | 0400 0000 | 0f84 2000 | 0000 498b | cf4c 8be4 
  0x000002038fd1ce80: 4883 ec20 | 4883 e4f0 | 48b8 d0b9 | 5f02 fc7f | 0000 ffd0 | 498b e44d | 33e4 41c7 | 8754 0400 
  0x000002038fd1cea0: 0008 0000 | 004d 8b97 | 7005 0000 | 4983 fa00 | 7435 49c7 | 8770 0500 | 0000 0000 | 0041 ffe2 
  0x000002038fd1cec0: 49ba 00bb | d18f 0302 | 0000 41ff | d248 83ec | 10c5 fb11 | 0424 4883 | ec10 4889 | 0424 48c7 
  0x000002038fd1cee0: 4424 0800 | 0000 0049 | c787 a803 | 0000 0000 | 0000 49c7 | 87b8 0300 | 0000 0000 | 0049 c787 
  0x000002038fd1cf00: b003 0000 | 0000 0000 | c5f8 774d | 8b9f 3804 | 0000 41c7 | 8300 0100 | 0000 0000 | 0049 bb3a 
  0x000002038fd1cf20: a4d1 8f03 | 0200 004c | 3b5d 180f | 8555 0100 | 0048 8b04 | 2448 83c4 | 1048 85c0 | 0f84 2f01 
  0x000002038fd1cf40: 0000 a803 | 0f85 0800 | 0000 488b | 00e9 1f01 | 0000 a801 | 0f85 0900 | 0000 488b | 40fe e90e 
  0x000002038fd1cf60: 0100 0048 | 8b40 ff41 | 807f 4800 | 0f84 ff00 | 0000 4883 | f800 0f84 | f500 0000 | 4d8b 5f38 
  0x000002038fd1cf80: 4d85 db0f | 8414 0000 | 0049 83eb | 084d 895f | 384d 035f | 4049 8903 | e9d4 0000 | 0048 83ec 
  0x000002038fd1cfa0: 7048 8904 | 2448 894c | 2408 4889 | 5424 104c | 8944 2418 | 4c89 4c24 | 204c 8954 | 2428 4c89 
  0x000002038fd1cfc0: 5c24 30c5 | fb11 4424 | 40c5 fb11 | 4c24 48c5 | fb11 5424 | 50c5 fb11 | 5c24 58c5 | fb11 6424 
  0x000002038fd1cfe0: 60c5 fb11 | 6c24 6849 | 8bd7 488b | c848 83ec | 2040 f6c4 | 0f0f 8419 | 0000 0048 | 83ec 0848 
  0x000002038fd1d000: b890 4952 | 02fc 7f00 | 00ff d048 | 83c4 08e9 | 0c00 0000 | 48b8 9049 | 5202 fc7f | 0000 ffd0 
  0x000002038fd1d020: 4883 c420 | c5fb 106c | 2468 c5fb | 1064 2460 | c5fb 105c | 2458 c5fb | 1054 2450 | c5fb 104c 
  0x000002038fd1d040: 2448 c5fb | 1044 2440 | 4c8b 5c24 | 304c 8b54 | 2428 4c8b | 4c24 204c | 8b44 2418 | 488b 5424 
  0x000002038fd1d060: 1048 8b4c | 2408 488b | 0424 4883 | c470 c5f8 | 7748 8945 | 1048 83ec | 1048 8904 | 2448 c744 
  0x000002038fd1d080: 2408 0000 | 0000 4183 | bfd0 0400 | 0002 0f85 | bf00 0000 | 4881 ec80 | 0000 0048 | 8944 2478 
  0x000002038fd1d0a0: 4889 4c24 | 7048 8954 | 2468 4889 | 5c24 6048 | 896c 2450 | 4889 7424 | 4848 897c | 2440 4c89 
  0x000002038fd1d0c0: 4424 384c | 894c 2430 | 4c89 5424 | 284c 895c | 2420 4c89 | 6424 184c | 896c 2410 | 4c89 7424 
  0x000002038fd1d0e0: 084c 893c | 244c 8be4 | 4883 ec20 | 4883 e4f0 | 48b8 d056 | 9702 fc7f | 0000 ffd0 | 498b e44c 
  0x000002038fd1d100: 8b3c 244c | 8b74 2408 | 4c8b 6c24 | 104c 8b64 | 2418 4c8b | 5c24 204c | 8b54 2428 | 4c8b 4c24 
  0x000002038fd1d120: 304c 8b44 | 2438 488b | 7c24 4048 | 8b74 2448 | 488b 6c24 | 5048 8b5c | 2460 488b | 5424 6848 
  0x000002038fd1d140: 8b4c 2470 | 488b 4424 | 7848 81c4 | 8000 0000 | 4d33 e448 | 8b5d e84c | 8b6b 084d | 8d6d 3849 
  0x000002038fd1d160: 837f 0800 | 0f84 bb00 | 0000 e805 | 0000 00e9 | 9600 0000 | 488d 4424 | 084c 896d | c049 8bcf 
  0x000002038fd1d180: c5f8 7749 | 89af b803 | 0000 4989 | 87a8 0300 | 0048 83ec | 2040 f6c4 | 0f0f 8419 | 0000 0048 
  0x000002038fd1d1a0: 83ec 0848 | b840 795e | 02fc 7f00 | 00ff d048 | 83c4 08e9 | 0c00 0000 | 48b8 4079 | 5e02 fc7f 
  0x000002038fd1d1c0: 0000 ffd0 | 4883 c420 | 49c7 87a8 | 0300 0000 | 0000 0049 | c787 b803 | 0000 0000 | 0000 49c7 
  0x000002038fd1d1e0: 87b0 0300 | 0000 0000 | 00c5 f877 | 4983 7f08 | 000f 8405 | 0000 00e9 | c43c ffff | 4c8b 6dc0 
  0x000002038fd1d200: 4c8b 75c8 | 4e8d 74f5 | 00c3 48b9 | 08ec bd02 | fc7f 0000 | 4883 e4f0 | 48b8 30a8 | 8402 fc7f 
  0x000002038fd1d220: 0000 ffd0 | f444 8b5b | 2841 f6c3 | 200f 8472 | 0100 0048 | 8d55 a84c | 8b5a 084d | 85db 0f85 
  0x000002038fd1d240: bb00 0000 | e805 0000 | 00e9 9600 | 0000 488d | 4424 084c | 896d c049 | 8bcf c5f8 | 7749 89af 
  0x000002038fd1d260: b803 0000 | 4989 87a8 | 0300 0048 | 83ec 2040 | f6c4 0f0f | 8419 0000 | 0048 83ec | 0848 b870 
  0x000002038fd1d280: 785e 02fc | 7f00 00ff | d048 83c4 | 08e9 0c00 | 0000 48b8 | 7078 5e02 | fc7f 0000 | ffd0 4883 
  0x000002038fd1d2a0: c420 49c7 | 87a8 0300 | 0000 0000 | 0049 c787 | b803 0000 | 0000 0000 | 49c7 87b0 | 0300 0000 
  0x000002038fd1d2c0: 0000 00c5 | f877 4983 | 7f08 000f | 8405 0000 | 00e9 ea3b | ffff 4c8b | 6dc0 4c8b | 75c8 4e8d 
  0x000002038fd1d2e0: 74f5 00c3 | 48b9 08ec | bd02 fc7f | 0000 4883 | e4f0 48b8 | 30a8 8402 | fc7f 0000 | ffd0 f44c 
  0x000002038fd1d300: 896d c04c | 8b4a 0848 | c742 0800 | 0000 0045 | 8b87 5806 | 0000 4f3b | 4c07 f80f | 8542 0000 
  0x000002038fd1d320: 0041 83af | 5806 0000 | 084f 3b4c | 07f0 0f84 | 2a00 0000 | 498b 01a8 | 020f 8512 | 0000 004c 
  0x000002038fd1d340: 8bc0 4983 | c801 f04d | 0fb1 010f | 840d 0000 | 0041 8387 | 5806 0000 | 08e9 0500 | 0000 e93e 
  0x000002038fd1d360: 0000 004c | 894a 0848 | 8bca 4883 | ec20 40f6 | c40f 0f84 | 1900 0000 | 4883 ec08 | 48b8 904a 
  0x000002038fd1d380: 5e02 fc7f | 0000 ffd0 | 4883 c408 | e90c 0000 | 0048 b890 | 4a5e 02fc | 7f00 00ff | d048 83c4 
  0x000002038fd1d3a0: 204c 8b6d | c048 8b04 | 2448 83c4 | 10c5 fb10 | 0424 4883 | c410 4c8b | 5d18 41ff | d34c 8b5d 
  0x000002038fd1d3c0: f8c9 5f49 | 8be3 ffe7 | ba00 0000 | 00e8 0500 | 0000 e996 | 0000 0048 | 8d44 2408 | 4c89 6dc0 
  0x000002038fd1d3e0: 498b cfc5 | f877 4989 | afb8 0300 | 0049 8987 | a803 0000 | 4883 ec20 | 40f6 c40f | 0f84 1900 
  0x000002038fd1d400: 0000 4883 | ec08 48b8 | 303f 5e02 | fc7f 0000 | ffd0 4883 | c408 e90c | 0000 0048 | b830 3f5e 
  0x000002038fd1d420: 02fc 7f00 | 00ff d048 | 83c4 2049 | c787 a803 | 0000 0000 | 0000 49c7 | 87b8 0300 | 0000 0000 
  0x000002038fd1d440: 0049 c787 | b003 0000 | 0000 0000 | c5f8 7749 | 837f 0800 | 0f84 0500 | 0000 e961 | 3aff ff4c 
  0x000002038fd1d460: 8b6d c04c | 8b75 c84e | 8d74 f500 | c348 8b5d | e8e9 40f7 | ffff 6690 
[/MachCode]

---------------  P R O C E S S  ---------------

Threads class SMR info:
_java_thread_list=0x00000203e81e16b0, length=21, elements={
0x00000203fc97a710, 0x00000203fc97d790, 0x00000203fc97f2d0, 0x00000203fc97ff80,
0x00000203fc980ab0, 0x00000203fc9815e0, 0x00000203fc982440, 0x00000203fc9b4aa0,
0x000002039d812750, 0x000002039d8176b0, 0x00000203e3048070, 0x00000203e304ef20,
0x00000203e33737e0, 0x00000203f68d1e70, 0x00000203e7cc8cd0, 0x00000203e7de0e60,
0x00000203e866a770, 0x00000203e8077640, 0x00000203e7eee620, 0x00000203e7eef570,
0x00000203e87bf790
}

Java Threads: ( => current thread )
  0x00000203fc97a710 JavaThread "Reference Handler"          daemon [_thread_blocked, id=6852, stack(0x000000e0dce00000,0x000000e0dcf00000) (1024K)]
  0x00000203fc97d790 JavaThread "Finalizer"                  daemon [_thread_blocked, id=17120, stack(0x000000e0dcf00000,0x000000e0dd000000) (1024K)]
  0x00000203fc97f2d0 JavaThread "Signal Dispatcher"          daemon [_thread_blocked, id=16636, stack(0x000000e0dd000000,0x000000e0dd100000) (1024K)]
  0x00000203fc97ff80 JavaThread "Attach Listener"            daemon [_thread_blocked, id=1964, stack(0x000000e0dd100000,0x000000e0dd200000) (1024K)]
  0x00000203fc980ab0 JavaThread "Service Thread"             daemon [_thread_blocked, id=15740, stack(0x000000e0dd200000,0x000000e0dd300000) (1024K)]
  0x00000203fc9815e0 JavaThread "Monitor Deflation Thread"   daemon [_thread_blocked, id=16320, stack(0x000000e0dd300000,0x000000e0dd400000) (1024K)]
  0x00000203fc982440 JavaThread "C2 CompilerThread0"         daemon [_thread_blocked, id=1252, stack(0x000000e0dd400000,0x000000e0dd500000) (1024K)]
  0x00000203fc9b4aa0 JavaThread "C1 CompilerThread0"         daemon [_thread_blocked, id=17808, stack(0x000000e0dd500000,0x000000e0dd600000) (1024K)]
  0x000002039d812750 JavaThread "Notification Thread"        daemon [_thread_blocked, id=17980, stack(0x000000e0dd600000,0x000000e0dd700000) (1024K)]
  0x000002039d8176b0 JavaThread "Common-Cleaner"             daemon [_thread_blocked, id=3320, stack(0x000000e0dd700000,0x000000e0dd800000) (1024K)]
  0x00000203e3048070 JavaThread "Java2D Disposer"            daemon [_thread_blocked, id=14172, stack(0x000000e0dd900000,0x000000e0dda00000) (1024K)]
  0x00000203e304ef20 JavaThread "AWT-Windows"                daemon [_thread_in_native, id=3564, stack(0x000000e0ddb00000,0x000000e0ddc00000) (1024K)]
  0x00000203e33737e0 JavaThread "AWT-EventQueue-0"                  [_thread_blocked, id=15176, stack(0x000000e0ddc00000,0x000000e0ddd00000) (1024K)]
  0x00000203f68d1e70 JavaThread "DestroyJavaVM"                     [_thread_blocked, id=1288, stack(0x000000e0dc600000,0x000000e0dc700000) (1024K)]
  0x00000203e7cc8cd0 JavaThread "Image Fetcher 0"            daemon [_thread_blocked, id=17256, stack(0x000000e0dde00000,0x000000e0ddf00000) (1024K)]
  0x00000203e7de0e60 JavaThread "Image Fetcher 1"            daemon [_thread_blocked, id=15120, stack(0x000000e0de000000,0x000000e0de100000) (1024K)]
  0x00000203e866a770 JavaThread "Thread-0"                          [_thread_blocked, id=4412, stack(0x000000e0de400000,0x000000e0de500000) (1024K)]
  0x00000203e8077640 JavaThread "QuantumRenderer-0"          daemon [_thread_blocked, id=17328, stack(0x000000e0de500000,0x000000e0de600000) (1024K)]
  0x00000203e7eee620 JavaThread "InvokeLaterDispatcher"      daemon [_thread_blocked, id=2448, stack(0x000000e0de600000,0x000000e0de700000) (1024K)]
=>0x00000203e7eef570 JavaThread "WindowsNativeRunloopThread"        [_thread_in_vm, id=18268, stack(0x000000e0de700000,0x000000e0de800000) (1024K)]
  0x00000203e87bf790 JavaThread "AWT-Shutdown"                      [_thread_blocked, id=16392, stack(0x000000e0dda00000,0x000000e0ddb00000) (1024K)]
Total: 21

Other Threads:
  0x00000203fc96c7d0 VMThread "VM Thread"                           [id=8660, stack(0x000000e0dcd00000,0x000000e0dce00000) (1024K)] _threads_hazard_ptr=0x00000203e81e16b0
  0x00000203fc95beb0 WatcherThread "VM Periodic Task Thread"        [id=3480, stack(0x000000e0dcc00000,0x000000e0dcd00000) (1024K)]
  0x00000203f8c70830 WorkerThread "GC Thread#0"                     [id=1148, stack(0x000000e0dc700000,0x000000e0dc800000) (1024K)]
  0x00000203e852a8e0 WorkerThread "GC Thread#1"                     [id=10568, stack(0x000000e0de100000,0x000000e0de200000) (1024K)]
  0x00000203e7f27e20 WorkerThread "GC Thread#2"                     [id=1412, stack(0x000000e0de200000,0x000000e0de300000) (1024K)]
  0x00000203e865eef0 WorkerThread "GC Thread#3"                     [id=13816, stack(0x000000e0de300000,0x000000e0de400000) (1024K)]
  0x00000203f8c81040 ConcurrentGCThread "G1 Main Marker"            [id=16056, stack(0x000000e0dc800000,0x000000e0dc900000) (1024K)]
  0x00000203f8c81b50 WorkerThread "G1 Conc#0"                       [id=17000, stack(0x000000e0dc900000,0x000000e0dca00000) (1024K)]
  0x00000203fc8264f0 ConcurrentGCThread "G1 Refine#0"               [id=16020, stack(0x000000e0dca00000,0x000000e0dcb00000) (1024K)]
  0x00000203f8cbe1d0 ConcurrentGCThread "G1 Service"                [id=12224, stack(0x000000e0dcb00000,0x000000e0dcc00000) (1024K)]
Total: 10

Threads with active compile tasks:
Total: 0

VM state: not at safepoint (normal execution)

VM Mutex/Monitor currently owned by a thread: None

Heap address: 0x0000000680800000, size: 6136 MB, Compressed Oops mode: Zero based, Oop shift amount: 3

CDS archive(s) mapped at: [0x000002039e000000-0x000002039ed40000-0x000002039ed40000), size 13893632, SharedBaseAddress: 0x000002039e000000, ArchiveRelocationMode: 1.
Compressed class space mapped at: 0x000002039f000000-0x00000203df000000, reserved size: 1073741824
UseCompressedClassPointers 1, UseCompactObjectHeaders 0
Narrow klass pointer bits 32, Max shift 3
Narrow klass base: 0x000002039e000000, Narrow klass shift: 0
Encoding Range: [0x000002039e000000 - 0x000002049e000000), (4294967296 bytes)
Klass Range:    [0x000002039e000000 - 0x00000203df000000), (1090519040 bytes)
Klass ID Range:  [8 - 1090519033) (1090519025)

GC Precious Log:
 CardTable entry size: 512
 Card Set container configuration: InlinePtr #cards 4 size 8 Array Of Cards #cards 32 size 80 Howl #buckets 8 coarsen threshold 7372 Howl Bitmap #cards 1024 size 144 coarsen threshold 921 Card regions per heap region 1 cards per card region 8192
 CPUs: 4 total, 4 available
 Memory: 24531M
 Large Page Support: Disabled
 NUMA Support: Disabled
 Compressed Oops: Enabled (Zero based)
 Heap Region Size: 4M
 Heap Min Capacity: 8M
 Heap Initial Capacity: 384M
 Heap Max Capacity: 6136M
 Pre-touch: Disabled
 Parallel Workers: 4
 Concurrent Workers: 1
 Concurrent Refinement Workers: 4
 Periodic GC: Disabled

Heap:
 garbage-first heap   total reserved 6283264K, committed 397312K, used 29062K [0x0000000680800000, 0x0000000800000000)
  region size 4096K, 4 young (16384K), 1 survivors (4096K)
 Metaspace       used 9115K, committed 9344K, reserved 1114112K
  class space    used 754K, committed 832K, reserved 1048576K

Heap Regions: E=young(eden), S=young(survivor), O=old, HS=humongous(starts), HC=humongous(continues), CS=collection set, F=free, TAMS=top-at-mark-start, PB=parsable bottom
|   0|0x0000000680800000, 0x0000000680c00000, 0x0000000680c00000|100%|HS|  |TAMS 0x0000000680800000| PB 0x0000000680800000| Complete |  0
|   1|0x0000000680c00000, 0x0000000681000000, 0x0000000681000000|100%|HS|  |TAMS 0x0000000680c00000| PB 0x0000000680c00000| Complete |  0
|   2|0x0000000681000000, 0x0000000681400000, 0x0000000681400000|100%|HS|  |TAMS 0x0000000681000000| PB 0x0000000681000000| Complete |  0
|   3|0x0000000681400000, 0x0000000681800000, 0x0000000681800000|100%|HC|  |TAMS 0x0000000681400000| PB 0x0000000681400000| Complete |  0
|   4|0x0000000681800000, 0x0000000681800000, 0x0000000681c00000|  0%| F|  |TAMS 0x0000000681800000| PB 0x0000000681800000| Untracked |  0
|   5|0x0000000681c00000, 0x0000000681c00000, 0x0000000682000000|  0%| F|  |TAMS 0x0000000681c00000| PB 0x0000000681c00000| Untracked |  0
|   6|0x0000000682000000, 0x0000000682000000, 0x0000000682400000|  0%| F|  |TAMS 0x0000000682000000| PB 0x0000000682000000| Untracked |  0
|   7|0x0000000682400000, 0x0000000682400000, 0x0000000682800000|  0%| F|  |TAMS 0x0000000682400000| PB 0x0000000682400000| Untracked |  0
|   8|0x0000000682800000, 0x0000000682800000, 0x0000000682c00000|  0%| F|  |TAMS 0x0000000682800000| PB 0x0000000682800000| Untracked |  0
|   9|0x0000000682c00000, 0x0000000682c00000, 0x0000000683000000|  0%| F|  |TAMS 0x0000000682c00000| PB 0x0000000682c00000| Untracked |  0
|  10|0x0000000683000000, 0x0000000683000000, 0x0000000683400000|  0%| F|  |TAMS 0x0000000683000000| PB 0x0000000683000000| Untracked |  0
|  11|0x0000000683400000, 0x0000000683400000, 0x0000000683800000|  0%| F|  |TAMS 0x0000000683400000| PB 0x0000000683400000| Untracked |  0
|  12|0x0000000683800000, 0x0000000683800000, 0x0000000683c00000|  0%| F|  |TAMS 0x0000000683800000| PB 0x0000000683800000| Untracked |  0
|  13|0x0000000683c00000, 0x0000000683c00000, 0x0000000684000000|  0%| F|  |TAMS 0x0000000683c00000| PB 0x0000000683c00000| Untracked |  0
|  14|0x0000000684000000, 0x0000000684000000, 0x0000000684400000|  0%| F|  |TAMS 0x0000000684000000| PB 0x0000000684000000| Untracked |  0
|  15|0x0000000684400000, 0x0000000684400000, 0x0000000684800000|  0%| F|  |TAMS 0x0000000684400000| PB 0x0000000684400000| Untracked |  0
|  16|0x0000000684800000, 0x0000000684800000, 0x0000000684c00000|  0%| F|  |TAMS 0x0000000684800000| PB 0x0000000684800000| Untracked |  0
|  17|0x0000000684c00000, 0x0000000684c00000, 0x0000000685000000|  0%| F|  |TAMS 0x0000000684c00000| PB 0x0000000684c00000| Untracked |  0
|  18|0x0000000685000000, 0x0000000685000000, 0x0000000685400000|  0%| F|  |TAMS 0x0000000685000000| PB 0x0000000685000000| Untracked |  0
|  19|0x0000000685400000, 0x0000000685400000, 0x0000000685800000|  0%| F|  |TAMS 0x0000000685400000| PB 0x0000000685400000| Untracked |  0
|  20|0x0000000685800000, 0x0000000685800000, 0x0000000685c00000|  0%| F|  |TAMS 0x0000000685800000| PB 0x0000000685800000| Untracked |  0
|  21|0x0000000685c00000, 0x0000000685c00000, 0x0000000686000000|  0%| F|  |TAMS 0x0000000685c00000| PB 0x0000000685c00000| Untracked |  0
|  22|0x0000000686000000, 0x0000000686000000, 0x0000000686400000|  0%| F|  |TAMS 0x0000000686000000| PB 0x0000000686000000| Untracked |  0
|  23|0x0000000686400000, 0x0000000686400000, 0x0000000686800000|  0%| F|  |TAMS 0x0000000686400000| PB 0x0000000686400000| Untracked |  0
|  24|0x0000000686800000, 0x0000000686800000, 0x0000000686c00000|  0%| F|  |TAMS 0x0000000686800000| PB 0x0000000686800000| Untracked |  0
|  25|0x0000000686c00000, 0x0000000686c00000, 0x0000000687000000|  0%| F|  |TAMS 0x0000000686c00000| PB 0x0000000686c00000| Untracked |  0
|  26|0x0000000687000000, 0x0000000687000000, 0x0000000687400000|  0%| F|  |TAMS 0x0000000687000000| PB 0x0000000687000000| Untracked |  0
|  27|0x0000000687400000, 0x0000000687400000, 0x0000000687800000|  0%| F|  |TAMS 0x0000000687400000| PB 0x0000000687400000| Untracked |  0
|  28|0x0000000687800000, 0x0000000687800000, 0x0000000687c00000|  0%| F|  |TAMS 0x0000000687800000| PB 0x0000000687800000| Untracked |  0
|  29|0x0000000687c00000, 0x0000000687c00000, 0x0000000688000000|  0%| F|  |TAMS 0x0000000687c00000| PB 0x0000000687c00000| Untracked |  0
|  30|0x0000000688000000, 0x0000000688000000, 0x0000000688400000|  0%| F|  |TAMS 0x0000000688000000| PB 0x0000000688000000| Untracked |  0
|  31|0x0000000688400000, 0x0000000688400000, 0x0000000688800000|  0%| F|  |TAMS 0x0000000688400000| PB 0x0000000688400000| Untracked |  0
|  32|0x0000000688800000, 0x0000000688800000, 0x0000000688c00000|  0%| F|  |TAMS 0x0000000688800000| PB 0x0000000688800000| Untracked |  0
|  33|0x0000000688c00000, 0x0000000688c00000, 0x0000000689000000|  0%| F|  |TAMS 0x0000000688c00000| PB 0x0000000688c00000| Untracked |  0
|  34|0x0000000689000000, 0x0000000689000000, 0x0000000689400000|  0%| F|  |TAMS 0x0000000689000000| PB 0x0000000689000000| Untracked |  0
|  35|0x0000000689400000, 0x0000000689400000, 0x0000000689800000|  0%| F|  |TAMS 0x0000000689400000| PB 0x0000000689400000| Untracked |  0
|  36|0x0000000689800000, 0x0000000689800000, 0x0000000689c00000|  0%| F|  |TAMS 0x0000000689800000| PB 0x0000000689800000| Untracked |  0
|  37|0x0000000689c00000, 0x0000000689c00000, 0x000000068a000000|  0%| F|  |TAMS 0x0000000689c00000| PB 0x0000000689c00000| Untracked |  0
|  38|0x000000068a000000, 0x000000068a000000, 0x000000068a400000|  0%| F|  |TAMS 0x000000068a000000| PB 0x000000068a000000| Untracked |  0
|  39|0x000000068a400000, 0x000000068a400000, 0x000000068a800000|  0%| F|  |TAMS 0x000000068a400000| PB 0x000000068a400000| Untracked |  0
|  40|0x000000068a800000, 0x000000068a800000, 0x000000068ac00000|  0%| F|  |TAMS 0x000000068a800000| PB 0x000000068a800000| Untracked |  0
|  41|0x000000068ac00000, 0x000000068ac00000, 0x000000068b000000|  0%| F|  |TAMS 0x000000068ac00000| PB 0x000000068ac00000| Untracked |  0
|  42|0x000000068b000000, 0x000000068b000000, 0x000000068b400000|  0%| F|  |TAMS 0x000000068b000000| PB 0x000000068b000000| Untracked |  0
|  43|0x000000068b400000, 0x000000068b400000, 0x000000068b800000|  0%| F|  |TAMS 0x000000068b400000| PB 0x000000068b400000| Untracked |  0
|  44|0x000000068b800000, 0x000000068b800000, 0x000000068bc00000|  0%| F|  |TAMS 0x000000068b800000| PB 0x000000068b800000| Untracked |  0
|  45|0x000000068bc00000, 0x000000068bc00000, 0x000000068c000000|  0%| F|  |TAMS 0x000000068bc00000| PB 0x000000068bc00000| Untracked |  0
|  46|0x000000068c000000, 0x000000068c000000, 0x000000068c400000|  0%| F|  |TAMS 0x000000068c000000| PB 0x000000068c000000| Untracked |  0
|  47|0x000000068c400000, 0x000000068c400000, 0x000000068c800000|  0%| F|  |TAMS 0x000000068c400000| PB 0x000000068c400000| Untracked |  0
|  48|0x000000068c800000, 0x000000068c800000, 0x000000068cc00000|  0%| F|  |TAMS 0x000000068c800000| PB 0x000000068c800000| Untracked |  0
|  49|0x000000068cc00000, 0x000000068cc00000, 0x000000068d000000|  0%| F|  |TAMS 0x000000068cc00000| PB 0x000000068cc00000| Untracked |  0
|  50|0x000000068d000000, 0x000000068d000000, 0x000000068d400000|  0%| F|  |TAMS 0x000000068d000000| PB 0x000000068d000000| Untracked |  0
|  51|0x000000068d400000, 0x000000068d400000, 0x000000068d800000|  0%| F|  |TAMS 0x000000068d400000| PB 0x000000068d400000| Untracked |  0
|  52|0x000000068d800000, 0x000000068d800000, 0x000000068dc00000|  0%| F|  |TAMS 0x000000068d800000| PB 0x000000068d800000| Untracked |  0
|  53|0x000000068dc00000, 0x000000068dc00000, 0x000000068e000000|  0%| F|  |TAMS 0x000000068dc00000| PB 0x000000068dc00000| Untracked |  0
|  54|0x000000068e000000, 0x000000068e000000, 0x000000068e400000|  0%| F|  |TAMS 0x000000068e000000| PB 0x000000068e000000| Untracked |  0
|  55|0x000000068e400000, 0x000000068e400000, 0x000000068e800000|  0%| F|  |TAMS 0x000000068e400000| PB 0x000000068e400000| Untracked |  0
|  56|0x000000068e800000, 0x000000068e800000, 0x000000068ec00000|  0%| F|  |TAMS 0x000000068e800000| PB 0x000000068e800000| Untracked |  0
|  57|0x000000068ec00000, 0x000000068ec00000, 0x000000068f000000|  0%| F|  |TAMS 0x000000068ec00000| PB 0x000000068ec00000| Untracked |  0
|  58|0x000000068f000000, 0x000000068f000000, 0x000000068f400000|  0%| F|  |TAMS 0x000000068f000000| PB 0x000000068f000000| Untracked |  0
|  59|0x000000068f400000, 0x000000068f400000, 0x000000068f800000|  0%| F|  |TAMS 0x000000068f400000| PB 0x000000068f400000| Untracked |  0
|  60|0x000000068f800000, 0x000000068f800000, 0x000000068fc00000|  0%| F|  |TAMS 0x000000068f800000| PB 0x000000068f800000| Untracked |  0
|  61|0x000000068fc00000, 0x000000068fc00000, 0x0000000690000000|  0%| F|  |TAMS 0x000000068fc00000| PB 0x000000068fc00000| Untracked |  0
|  62|0x0000000690000000, 0x0000000690000000, 0x0000000690400000|  0%| F|  |TAMS 0x0000000690000000| PB 0x0000000690000000| Untracked |  0
|  63|0x0000000690400000, 0x0000000690400000, 0x0000000690800000|  0%| F|  |TAMS 0x0000000690400000| PB 0x0000000690400000| Untracked |  0
|  64|0x0000000690800000, 0x0000000690800000, 0x0000000690c00000|  0%| F|  |TAMS 0x0000000690800000| PB 0x0000000690800000| Untracked |  0
|  65|0x0000000690c00000, 0x0000000690c00000, 0x0000000691000000|  0%| F|  |TAMS 0x0000000690c00000| PB 0x0000000690c00000| Untracked |  0
|  66|0x0000000691000000, 0x0000000691000000, 0x0000000691400000|  0%| F|  |TAMS 0x0000000691000000| PB 0x0000000691000000| Untracked |  0
|  67|0x0000000691400000, 0x0000000691400000, 0x0000000691800000|  0%| F|  |TAMS 0x0000000691400000| PB 0x0000000691400000| Untracked |  0
|  68|0x0000000691800000, 0x0000000691800000, 0x0000000691c00000|  0%| F|  |TAMS 0x0000000691800000| PB 0x0000000691800000| Untracked |  0
|  69|0x0000000691c00000, 0x0000000691c00000, 0x0000000692000000|  0%| F|  |TAMS 0x0000000691c00000| PB 0x0000000691c00000| Untracked |  0
|  70|0x0000000692000000, 0x0000000692000000, 0x0000000692400000|  0%| F|  |TAMS 0x0000000692000000| PB 0x0000000692000000| Untracked |  0
|  71|0x0000000692400000, 0x0000000692400000, 0x0000000692800000|  0%| F|  |TAMS 0x0000000692400000| PB 0x0000000692400000| Untracked |  0
|  72|0x0000000692800000, 0x0000000692800000, 0x0000000692c00000|  0%| F|  |TAMS 0x0000000692800000| PB 0x0000000692800000| Untracked |  0
|  73|0x0000000692c00000, 0x0000000692c00000, 0x0000000693000000|  0%| F|  |TAMS 0x0000000692c00000| PB 0x0000000692c00000| Untracked |  0
|  74|0x0000000693000000, 0x0000000693000000, 0x0000000693400000|  0%| F|  |TAMS 0x0000000693000000| PB 0x0000000693000000| Untracked |  0
|  75|0x0000000693400000, 0x0000000693400000, 0x0000000693800000|  0%| F|  |TAMS 0x0000000693400000| PB 0x0000000693400000| Untracked |  0
|  76|0x0000000693800000, 0x0000000693800000, 0x0000000693c00000|  0%| F|  |TAMS 0x0000000693800000| PB 0x0000000693800000| Untracked |  0
|  77|0x0000000693c00000, 0x0000000693c00000, 0x0000000694000000|  0%| F|  |TAMS 0x0000000693c00000| PB 0x0000000693c00000| Untracked |  0
|  78|0x0000000694000000, 0x0000000694000000, 0x0000000694400000|  0%| F|  |TAMS 0x0000000694000000| PB 0x0000000694000000| Untracked |  0
|  79|0x0000000694400000, 0x0000000694400000, 0x0000000694800000|  0%| F|  |TAMS 0x0000000694400000| PB 0x0000000694400000| Untracked |  0
|  80|0x0000000694800000, 0x0000000694800000, 0x0000000694c00000|  0%| F|  |TAMS 0x0000000694800000| PB 0x0000000694800000| Untracked |  0
|  81|0x0000000694c00000, 0x0000000694c00000, 0x0000000695000000|  0%| F|  |TAMS 0x0000000694c00000| PB 0x0000000694c00000| Untracked |  0
|  82|0x0000000695000000, 0x0000000695000000, 0x0000000695400000|  0%| F|  |TAMS 0x0000000695000000| PB 0x0000000695000000| Untracked |  0
|  83|0x0000000695400000, 0x0000000695400000, 0x0000000695800000|  0%| F|  |TAMS 0x0000000695400000| PB 0x0000000695400000| Untracked |  0
|  84|0x0000000695800000, 0x0000000695800000, 0x0000000695c00000|  0%| F|  |TAMS 0x0000000695800000| PB 0x0000000695800000| Untracked |  0
|  85|0x0000000695c00000, 0x0000000695c00000, 0x0000000696000000|  0%| F|  |TAMS 0x0000000695c00000| PB 0x0000000695c00000| Untracked |  0
|  86|0x0000000696000000, 0x0000000696000000, 0x0000000696400000|  0%| F|  |TAMS 0x0000000696000000| PB 0x0000000696000000| Untracked |  0
|  87|0x0000000696400000, 0x0000000696400000, 0x0000000696800000|  0%| F|  |TAMS 0x0000000696400000| PB 0x0000000696400000| Untracked |  0
|  88|0x0000000696800000, 0x0000000696b44690, 0x0000000696c00000| 81%| S|CS|TAMS 0x0000000696800000| PB 0x0000000696800000| Complete |  0
|  89|0x0000000696c00000, 0x0000000696c00000, 0x0000000697000000|  0%| F|  |TAMS 0x0000000696c00000| PB 0x0000000696c00000| Untracked |  0
|  90|0x0000000697000000, 0x0000000697000000, 0x0000000697400000|  0%| F|  |TAMS 0x0000000697000000| PB 0x0000000697000000| Untracked |  0
|  91|0x0000000697400000, 0x0000000697400000, 0x0000000697800000|  0%| F|  |TAMS 0x0000000697400000| PB 0x0000000697400000| Untracked |  0
|  92|0x0000000697800000, 0x0000000697800000, 0x0000000697c00000|  0%| F|  |TAMS 0x0000000697800000| PB 0x0000000697800000| Untracked |  0
|  93|0x0000000697c00000, 0x0000000697d20710, 0x0000000698000000| 28%| E|  |TAMS 0x0000000697c00000| PB 0x0000000697c00000| Complete |  0
|  94|0x0000000698000000, 0x0000000698400000, 0x0000000698400000|100%| E|CS|TAMS 0x0000000698000000| PB 0x0000000698000000| Complete |  0
|  95|0x0000000698400000, 0x0000000698800000, 0x0000000698800000|100%| E|CS|TAMS 0x0000000698400000| PB 0x0000000698400000| Complete |  0
|1533|0x00000007ffc00000, 0x00000007ffd1d1c0, 0x0000000800000000| 27%| O|  |TAMS 0x00000007ffc00000| PB 0x00000007ffc00000| Untracked |  0

Card table byte_map: [0x00000203f98c0000,0x00000203fa4c0000] _byte_map_base: 0x00000203f64bc000

Marking Bits: (CMBitMap*) 0x00000203f8c70f40
 Bits: [0x00000203977e0000, 0x000002039d7c0000)

Polling page: 0x00000203f83d0000

Metaspace:

Usage:
  Non-class:      8.17 MB used.
      Class:    754.05 KB used.
       Both:      8.90 MB used.

Virtual space:
  Non-class space:       64.00 MB reserved,       8.31 MB ( 13%) committed,  1 nodes.
      Class space:        1.00 GB reserved,     832.00 KB ( <1%) committed,  1 nodes.
             Both:        1.06 GB reserved,       9.12 MB ( <1%) committed. 

Chunk freelists:
   Non-Class:  6.99 MB
       Class:  15.15 MB
        Both:  22.14 MB

MaxMetaspaceSize: unlimited
CompressedClassSpaceSize: 1.00 GB
Initial GC threshold: 21.00 MB
Current GC threshold: 21.00 MB
CDS: on
 - commit_granule_bytes: 65536.
 - commit_granule_words: 8192.
 - virtual_space_node_default_size: 8388608.
 - enlarge_chunks_in_place: 1.
UseCompressedClassPointers 1, UseCompactObjectHeaders 0
Narrow klass pointer bits 32, Max shift 3
Narrow klass base: 0x000002039e000000, Narrow klass shift: 0
Encoding Range: [0x000002039e000000 - 0x000002049e000000), (4294967296 bytes)
Klass Range:    [0x000002039e000000 - 0x00000203df000000), (1090519040 bytes)
Klass ID Range:  [8 - 1090519033) (1090519025)


Internal statistics:

num_allocs_failed_limit: 0.
num_arena_births: 86.
num_arena_deaths: 0.
num_vsnodes_births: 2.
num_vsnodes_deaths: 0.
num_space_committed: 146.
num_space_uncommitted: 0.
num_chunks_returned_to_freelist: 0.
num_chunks_taken_from_freelist: 178.
num_chunk_merges: 0.
num_chunk_splits: 119.
num_chunks_enlarged: 84.
num_inconsistent_stats: 0.

CodeHeap 'non-profiled nmethods': size=120064Kb used=401Kb max_used=401Kb free=119662Kb
 bounds [0x00000203902a0000, 0x0000020390510000, 0x00000203977e0000]
CodeHeap 'profiled nmethods': size=120000Kb used=1623Kb max_used=1623Kb free=118376Kb
 bounds [0x00000203887e0000, 0x0000020388a50000, 0x000002038fd10000]
CodeHeap 'non-nmethods': size=5696Kb used=1472Kb max_used=1472Kb free=4223Kb
 bounds [0x000002038fd10000, 0x000002038ff80000, 0x00000203902a0000]
CodeCache: size=245760Kb, used=3496Kb, max_used=3496Kb, free=242261Kb
 total_blobs=1713, nmethods=1067, adapters=552, full_count=0
Compilation: enabled, stopped_count=0, restarted_count=0

Compilation events (20 events):
Event: 3.367 Thread 0x00000203fc9b4aa0  984       3       java.lang.invoke.LambdaForm$NamedFunction::returnType (11 bytes)
Event: 3.367 Thread 0x00000203fc9b4aa0 nmethod 984 0x0000020388956c08 code [0x0000020388956d80, 0x00000203889574d8]
Event: 3.367 Thread 0x00000203fc9b4aa0  985       3       sun.invoke.util.VerifyType::isNullConversion (157 bytes)
Event: 3.368 Thread 0x00000203fc9b4aa0 nmethod 985 0x0000020388957588 code [0x0000020388957840, 0x0000020388959698]
Event: 3.368 Thread 0x00000203fc9b4aa0  986       3       jdk.internal.classfile.impl.Util::writeAttribute (67 bytes)
Event: 3.368 Thread 0x00000203fc9b4aa0 nmethod 986 0x0000020388959708 code [0x0000020388959860, 0x0000020388959ef0]
Event: 3.369 Thread 0x00000203fc9b4aa0  987       1       java.util.concurrent.locks.AbstractQueuedSynchronizer::getState (5 bytes)
Event: 3.369 Thread 0x00000203fc9b4aa0 nmethod 987 0x00000203902fe908 code [0x00000203902fea00, 0x00000203902feac8]
Event: 3.373 Thread 0x00000203fc9b4aa0  989       3       java.util.WeakHashMap::remove (131 bytes)
Event: 3.374 Thread 0x00000203fc9b4aa0 nmethod 989 0x0000020388959f88 code [0x000002038895a140, 0x000002038895ad28]
Event: 3.374 Thread 0x00000203fc9b4aa0  988       3       java.util.Collections$SetFromMap::remove (19 bytes)
Event: 3.374 Thread 0x00000203fc9b4aa0 nmethod 988 0x000002038895ad88 code [0x000002038895aea0, 0x000002038895b0c8]
Event: 3.374 Thread 0x00000203fc9b4aa0  990  s    3       jdk.internal.loader.Resource::cachedInputStream (20 bytes)
Event: 3.374 Thread 0x00000203fc9b4aa0 nmethod 990 0x000002038895b108 code [0x000002038895b240, 0x000002038895b600]
Event: 3.374 Thread 0x00000203fc9b4aa0  991   !   3       java.net.URL::set (114 bytes)
Event: 3.375 Thread 0x00000203fc9b4aa0 nmethod 991 0x000002038895b688 code [0x000002038895b860, 0x000002038895c668]
Event: 3.375 Thread 0x00000203fc9b4aa0  992       3       java.lang.ref.PhantomReference::<init> (7 bytes)
Event: 3.375 Thread 0x00000203fc9b4aa0 nmethod 992 0x000002038895c708 code [0x000002038895c840, 0x000002038895cb18]
Event: 3.412 Thread 0x00000203fc9b4aa0  993       3       jdk.internal.loader.NativeLibraries$NativeLibraryImpl::find (9 bytes)
Event: 3.412 Thread 0x00000203fc9b4aa0 nmethod 993 0x000002038895cb88 code [0x000002038895cca0, 0x000002038895cdd8]

GC Heap History (2 events):
Event: 2.571 GC heap before
{Heap before GC invocations=0 (full 0):
 garbage-first heap   total reserved 6283264K, committed 397312K, used 42100K [0x0000000680800000, 0x0000000800000000)
  region size 4096K, 7 young (28672K), 0 survivors (0K)
 Metaspace       used 5797K, committed 5952K, reserved 1114112K
  class space    used 474K, committed 512K, reserved 1048576K
}
Event: 2.578 GC heap after
{Heap after GC invocations=1 (full 0):
 garbage-first heap   total reserved 6283264K, committed 397312K, used 20870K [0x0000000680800000, 0x0000000800000000)
  region size 4096K, 1 young (4096K), 1 survivors (4096K)
 Metaspace       used 5797K, committed 5952K, reserved 1114112K
  class space    used 474K, committed 512K, reserved 1048576K
}

Dll operation events (20 events):
Event: 3.066 Loaded shared library C:\Users\poxzcho\Desktop\sho-20240514T180339Z-001\sho\POO\Proyecto-Final-POO---Grupo-10\src\javafx-sdk-21.0.12\bin\api-ms-win-crt-filesystem-l1-1-0.dll
Event: 3.069 Loaded shared library C:\Users\poxzcho\Desktop\sho-20240514T180339Z-001\sho\POO\Proyecto-Final-POO---Grupo-10\src\javafx-sdk-21.0.12\bin\api-ms-win-crt-heap-l1-1-0.dll
Event: 3.071 Loaded shared library C:\Users\poxzcho\Desktop\sho-20240514T180339Z-001\sho\POO\Proyecto-Final-POO---Grupo-10\src\javafx-sdk-21.0.12\bin\api-ms-win-crt-locale-l1-1-0.dll
Event: 3.075 Loaded shared library C:\Users\poxzcho\Desktop\sho-20240514T180339Z-001\sho\POO\Proyecto-Final-POO---Grupo-10\src\javafx-sdk-21.0.12\bin\api-ms-win-crt-math-l1-1-0.dll
Event: 3.083 Loaded shared library C:\Users\poxzcho\Desktop\sho-20240514T180339Z-001\sho\POO\Proyecto-Final-POO---Grupo-10\src\javafx-sdk-21.0.12\bin\api-ms-win-crt-multibyte-l1-1-0.dll
Event: 3.090 Loaded shared library C:\Users\poxzcho\Desktop\sho-20240514T180339Z-001\sho\POO\Proyecto-Final-POO---Grupo-10\src\javafx-sdk-21.0.12\bin\api-ms-win-crt-private-l1-1-0.dll
Event: 3.095 Loaded shared library C:\Users\poxzcho\Desktop\sho-20240514T180339Z-001\sho\POO\Proyecto-Final-POO---Grupo-10\src\javafx-sdk-21.0.12\bin\api-ms-win-crt-process-l1-1-0.dll
Event: 3.098 Loaded shared library C:\Users\poxzcho\Desktop\sho-20240514T180339Z-001\sho\POO\Proyecto-Final-POO---Grupo-10\src\javafx-sdk-21.0.12\bin\api-ms-win-crt-runtime-l1-1-0.dll
Event: 3.103 Loaded shared library C:\Users\poxzcho\Desktop\sho-20240514T180339Z-001\sho\POO\Proyecto-Final-POO---Grupo-10\src\javafx-sdk-21.0.12\bin\api-ms-win-crt-stdio-l1-1-0.dll
Event: 3.108 Loaded shared library C:\Users\poxzcho\Desktop\sho-20240514T180339Z-001\sho\POO\Proyecto-Final-POO---Grupo-10\src\javafx-sdk-21.0.12\bin\api-ms-win-crt-string-l1-1-0.dll
Event: 3.112 Loaded shared library C:\Users\poxzcho\Desktop\sho-20240514T180339Z-001\sho\POO\Proyecto-Final-POO---Grupo-10\src\javafx-sdk-21.0.12\bin\api-ms-win-crt-time-l1-1-0.dll
Event: 3.115 Loaded shared library C:\Users\poxzcho\Desktop\sho-20240514T180339Z-001\sho\POO\Proyecto-Final-POO---Grupo-10\src\javafx-sdk-21.0.12\bin\api-ms-win-crt-utility-l1-1-0.dll
Event: 3.125 Loaded shared library C:\Users\poxzcho\Desktop\sho-20240514T180339Z-001\sho\POO\Proyecto-Final-POO---Grupo-10\src\javafx-sdk-21.0.12\bin\ucrtbase.dll
Event: 3.128 Loaded shared library C:\Users\poxzcho\Desktop\sho-20240514T180339Z-001\sho\POO\Proyecto-Final-POO---Grupo-10\src\javafx-sdk-21.0.12\bin\vcruntime140.dll
Event: 3.132 Loaded shared library C:\Users\poxzcho\Desktop\sho-20240514T180339Z-001\sho\POO\Proyecto-Final-POO---Grupo-10\src\javafx-sdk-21.0.12\bin\vcruntime140_1.dll
Event: 3.137 Loaded shared library C:\Users\poxzcho\Desktop\sho-20240514T180339Z-001\sho\POO\Proyecto-Final-POO---Grupo-10\src\javafx-sdk-21.0.12\bin\msvcp140.dll
Event: 3.147 Loaded shared library C:\Users\poxzcho\Desktop\sho-20240514T180339Z-001\sho\POO\Proyecto-Final-POO---Grupo-10\src\javafx-sdk-21.0.12\bin\msvcp140_1.dll
Event: 3.162 Loaded shared library C:\Users\poxzcho\Desktop\sho-20240514T180339Z-001\sho\POO\Proyecto-Final-POO---Grupo-10\src\javafx-sdk-21.0.12\bin\msvcp140_2.dll
Event: 3.279 Loaded shared library C:\Users\poxzcho\Desktop\sho-20240514T180339Z-001\sho\POO\Proyecto-Final-POO---Grupo-10\src\javafx-sdk-21.0.12\bin\prism_d3d.dll
Event: 3.330 Loaded shared library C:\Users\poxzcho\Desktop\sho-20240514T180339Z-001\sho\POO\Proyecto-Final-POO---Grupo-10\src\javafx-sdk-21.0.12\bin\glass.dll

Deoptimization events (20 events):
Event: 1.929 Thread 0x00000203e33737e0 DEOPT PACKING pc=0x00000203902acaf4 sp=0x000000e0ddcfe790
Event: 1.929 Thread 0x00000203e33737e0 DEOPT UNPACKING pc=0x000002038fe22182 sp=0x000000e0ddcfe6c0 mode 2
Event: 1.963 Thread 0x00000203e7de0e60 Uncommon trap: trap_request=0xffffff4d fr.pc=0x00000203902c6b00 relative=0x0000000000001ae0
Event: 1.963 Thread 0x00000203e7de0e60 Uncommon trap: reason=unstable_if action=reinterpret pc=0x00000203902c6b00 method=sun.awt.image.PNGImageDecoder.produceImage()V @ 975 c2
Event: 1.963 Thread 0x00000203e7de0e60 DEOPT PACKING pc=0x00000203902c6b00 sp=0x000000e0de0fee80
Event: 1.963 Thread 0x00000203e7de0e60 DEOPT UNPACKING pc=0x000002038fe22182 sp=0x000000e0de0fedc8 mode 2
Event: 2.310 Thread 0x00000203e7de0e60 DEOPT PACKING pc=0x00000203888e3f35 sp=0x000000e0de0feca0
Event: 2.311 Thread 0x00000203e7de0e60 DEOPT UNPACKING pc=0x000002038fd65722 sp=0x000000e0de0fe2c0 mode 0
Event: 2.538 Thread 0x00000203e7de0e60 DEOPT PACKING pc=0x00000203888e5ec3 sp=0x000000e0de0fec70
Event: 2.538 Thread 0x00000203e7de0e60 DEOPT UNPACKING pc=0x000002038fd65722 sp=0x000000e0de0fe160 mode 0
Event: 2.546 Thread 0x00000203e7de0e60 Uncommon trap: trap_request=0xffffff4d fr.pc=0x00000203902e9310 relative=0x0000000000000370
Event: 2.546 Thread 0x00000203e7de0e60 Uncommon trap: reason=unstable_if action=reinterpret pc=0x00000203902e9310 method=sun.awt.image.ImageRepresentation.getOpaqueRGBImage()Ljava/awt/image/BufferedImage; @ 57 c2
Event: 2.546 Thread 0x00000203e7de0e60 DEOPT PACKING pc=0x00000203902e9310 sp=0x000000e0de0fecd0
Event: 2.546 Thread 0x00000203e7de0e60 DEOPT UNPACKING pc=0x000002038fe22182 sp=0x000000e0de0fec60 mode 2
Event: 2.663 Thread 0x00000203e866a770 Uncommon trap: trap_request=0xffffff4d fr.pc=0x00000203902ac1f8 relative=0x0000000000000078
Event: 2.663 Thread 0x00000203e866a770 Uncommon trap: reason=unstable_if action=reinterpret pc=0x00000203902ac1f8 method=jdk.internal.misc.Unsafe.convEndian(ZS)S @ 4 c2
Event: 2.663 Thread 0x00000203e866a770 DEOPT PACKING pc=0x00000203902ac1f8 sp=0x000000e0de4fda50
Event: 2.663 Thread 0x00000203e866a770 DEOPT UNPACKING pc=0x000002038fe22182 sp=0x000000e0de4fd980 mode 2
Event: 3.306 Thread 0x00000203e866a770 DEOPT PACKING pc=0x00000203888e96f9 sp=0x000000e0de4fe120
Event: 3.306 Thread 0x00000203e866a770 DEOPT UNPACKING pc=0x000002038fd65722 sp=0x000000e0de4fd570 mode 0

Classes loaded (20 events):
Event: 3.324 Loading class java/lang/ProcessEnvironment$EntryComparator
Event: 3.325 Loading class java/lang/ProcessEnvironment$EntryComparator done
Event: 3.326 Loading class java/lang/ProcessEnvironment$CheckedEntrySet
Event: 3.326 Loading class java/lang/ProcessEnvironment$CheckedEntrySet done
Event: 3.326 Loading class java/lang/ProcessEnvironment$CheckedEntrySet$1
Event: 3.326 Loading class java/lang/ProcessEnvironment$CheckedEntrySet$1 done
Event: 3.326 Loading class java/lang/ProcessEnvironment$CheckedEntry
Event: 3.326 Loading class java/lang/ProcessEnvironment$CheckedEntry done
Event: 3.333 Loading class java/lang/Throwable$WrappedPrintStream
Event: 3.333 Loading class java/lang/Throwable$PrintStreamOrWriter
Event: 3.333 Loading class java/lang/Throwable$PrintStreamOrWriter done
Event: 3.333 Loading class java/lang/Throwable$WrappedPrintStream done
Event: 3.333 Loading class java/lang/StackTraceElement$HashedModules
Event: 3.333 Loading class java/lang/StackTraceElement$HashedModules done
Event: 3.361 Loading class java/util/concurrent/BlockingDeque
Event: 3.361 Loading class java/util/concurrent/BlockingDeque done
Event: 3.362 Loading class java/util/concurrent/LinkedBlockingDeque
Event: 3.363 Loading class java/util/concurrent/LinkedBlockingDeque done
Event: 3.379 Loading class java/lang/NumberFormatException
Event: 3.379 Loading class java/lang/NumberFormatException done

Classes unloaded (0 events):
No events

Classes redefined (0 events):
No events

Internal exceptions (20 events):
Event: 0.697 Thread 0x00000203e33737e0 Exception <a 'java/lang/NoSuchMethodError'{0x000000069804f780}: 'long java.lang.invoke.DirectMethodHandle$Holder.invokeStatic(java.lang.Object, java.lang.Object)'> (0x000000069804f780) 
thrown [s\open\src\hotspot\share\interpreter\linkResolver.cpp, line 805]
Event: 0.698 Thread 0x00000203e33737e0 Exception <a 'java/lang/NoSuchMethodError'{0x00000006980577a0}: 'long java.lang.invoke.DirectMethodHandle$Holder.invokeStaticInit(java.lang.Object, java.lang.Object)'> (0x00000006980577a0) 
thrown [s\open\src\hotspot\share\interpreter\linkResolver.cpp, line 805]
Event: 0.699 Thread 0x00000203e33737e0 Exception <a 'java/lang/NoSuchMethodError'{0x000000069805ffe8}: 'java.lang.Object java.lang.invoke.DirectMethodHandle$Holder.invokeStatic(java.lang.Object, long, java.lang.Object)'> (0x000000069805ffe8) 
thrown [s\open\src\hotspot\share\interpreter\linkResolver.cpp, line 805]
Event: 0.699 Thread 0x00000203e33737e0 Exception <a 'java/lang/NoSuchMethodError'{0x0000000698068100}: 'java.lang.Object java.lang.invoke.DirectMethodHandle$Holder.invokeStaticInit(java.lang.Object, long, java.lang.Object)'> (0x0000000698068100) 
thrown [s\open\src\hotspot\share\interpreter\linkResolver.cpp, line 805]
Event: 0.700 Thread 0x00000203e33737e0 Exception <a 'java/lang/NoSuchMethodError'{0x0000000698070538}: 'java.lang.Object java.lang.invoke.DirectMethodHandle$Holder.invokeStatic(java.lang.Object, long)'> (0x0000000698070538) 
thrown [s\open\src\hotspot\share\interpreter\linkResolver.cpp, line 805]
Event: 0.700 Thread 0x00000203e33737e0 Exception <a 'java/lang/NoSuchMethodError'{0x0000000698078558}: 'java.lang.Object java.lang.invoke.DirectMethodHandle$Holder.invokeStaticInit(java.lang.Object, long)'> (0x0000000698078558) 
thrown [s\open\src\hotspot\share\interpreter\linkResolver.cpp, line 805]
Event: 0.936 Thread 0x00000203e33737e0 Exception <a 'java/lang/NoSuchMethodError'{0x00000006980ab568}: 'void java.lang.invoke.DirectMethodHandle$Holder.invokeSpecial(java.lang.Object, java.lang.Object, java.lang.Object)'> (0x00000006980ab568) 
thrown [s\open\src\hotspot\share\interpreter\linkResolver.cpp, line 805]
Event: 0.947 Thread 0x00000203e33737e0 Exception <a 'java/lang/NoSuchMethodError'{0x000000069811aee0}: 'java.lang.Object java.lang.invoke.DirectMethodHandle$Holder.newInvokeSpecial(java.lang.Object, java.lang.Object, java.lang.Object, java.lang.Object, java.lang.Object)'> (0x000000069811aee0) 
thrown [s\open\src\hotspot\share\interpreter\linkResolver.cpp, line 805]
Event: 0.963 Thread 0x00000203e33737e0 Exception <a 'java/lang/NoSuchMethodError'{0x0000000698212f80}: 'java.lang.Object java.lang.invoke.DirectMethodHandle$Holder.invokeStatic(java.lang.Object, int, java.lang.Object)'> (0x0000000698212f80) 
thrown [s\open\src\hotspot\share\interpreter\linkResolver.cpp, line 805]
Event: 1.033 Thread 0x00000203e33737e0 Exception <a 'java/lang/ClassNotFoundException'{0x0000000697c428b8}: com/sun/swing/internal/plaf/metal/resources/spi/metalProvider> (0x0000000697c428b8) 
thrown [s\open\src\hotspot\share\classfile\systemDictionary.cpp, line 327]
Event: 1.036 Thread 0x00000203e33737e0 Exception <a 'java/lang/ClassNotFoundException'{0x0000000697c46618}: com/sun/swing/internal/plaf/basic/resources/spi/basicProvider> (0x0000000697c46618) 
thrown [s\open\src\hotspot\share\classfile\systemDictionary.cpp, line 327]
Event: 1.052 Thread 0x00000203e33737e0 Exception <a 'java/lang/NoSuchMethodError'{0x0000000697c74a88}: 'int java.lang.invoke.Invokers$Holder.invokeExact_MT(java.lang.Object, java.lang.Object)'> (0x0000000697c74a88) 
thrown [s\open\src\hotspot\share\interpreter\linkResolver.cpp, line 805]
Event: 1.646 Thread 0x00000203e7cc8cd0 Implicit null exception at 0x00000203902c2856 to 0x00000203902c2a6c
Event: 1.690 Thread 0x00000203e7cc8cd0 Exception <a 'java/io/FileNotFoundException'{0x00000006978bcb08}> (0x00000006978bcb08) 
thrown [s\open\src\hotspot\share\prims\jni.cpp, line 518]
Event: 2.592 Thread 0x00000203e33737e0 Exception <a 'java/lang/NoSuchMethodError'{0x000000069847b9e0}: 'void java.lang.invoke.DirectMethodHandle$Holder.invokeStatic(java.lang.Object, java.lang.Object, java.lang.Object)'> (0x000000069847b9e0) 
thrown [s\open\src\hotspot\share\interpreter\linkResolver.cpp, line 805]
Event: 2.738 Thread 0x00000203e866a770 Exception <a 'java/lang/ClassNotFoundException'{0x00000006985c8960}: sun/util/logging/resources/spi/loggingProvider> (0x00000006985c8960) 
thrown [s\open\src\hotspot\share\classfile\systemDictionary.cpp, line 327]
Event: 3.301 Thread 0x00000203e866a770 Exception <a 'java/lang/NoSuchMethodError'{0x000000069806ca98}: 'int java.lang.invoke.DirectMethodHandle$Holder.invokeStaticInit(java.lang.Object, java.lang.Object, java.lang.Object)'> (0x000000069806ca98) 
thrown [s\open\src\hotspot\share\interpreter\linkResolver.cpp, line 805]
Event: 3.302 Thread 0x00000203e866a770 Exception <a 'java/lang/NoSuchMethodError'{0x0000000698083a00}: 'void java.lang.invoke.DirectMethodHandle$Holder.invokeStatic(java.lang.Object, java.lang.Object)'> (0x0000000698083a00) 
thrown [s\open\src\hotspot\share\interpreter\linkResolver.cpp, line 805]
Event: 3.331 Thread 0x00000203e866a770 Exception <a 'java/lang/NoSuchMethodError'{0x00000006981ac3b8}: notifyPreferencesChanged> (0x00000006981ac3b8) 
thrown [s\open\src\hotspot\share\prims\jni.cpp, line 1074]
Event: 3.365 Thread 0x00000203e866a770 Exception <a 'java/lang/NoSuchMethodError'{0x00000006981d6a38}: 'java.lang.Object java.lang.invoke.DirectMethodHandle$Holder.newInvokeSpecial(java.lang.Object, java.lang.Object, int, java.lang.Object)'> (0x00000006981d6a38) 
thrown [s\open\src\hotspot\share\interpreter\linkResolver.cpp, line 805]

VM Operations (10 events):
Event: 1.033 Executing VM operation: HandshakeAllThreads (Deoptimize)
Event: 1.033 Executing VM operation: HandshakeAllThreads (Deoptimize) done
Event: 1.055 Executing VM operation: HandshakeAllThreads (Deoptimize)
Event: 1.055 Executing VM operation: HandshakeAllThreads (Deoptimize) done
Event: 2.548 Executing VM operation: HandshakeAllThreads (Deoptimize)
Event: 2.548 Executing VM operation: HandshakeAllThreads (Deoptimize) done
Event: 2.571 Executing VM operation: G1CollectForAllocation (G1 Evacuation Pause)
Event: 2.578 Executing VM operation: G1CollectForAllocation (G1 Evacuation Pause) done
Event: 3.324 Executing VM operation: HandshakeAllThreads (Deoptimize)
Event: 3.324 Executing VM operation: HandshakeAllThreads (Deoptimize) done

Memory protections (0 events):
No events

Nmethod flushes (0 events):
No events

Events (20 events):
Event: 0.091 Thread 0x00000203f68d1e70 Thread added: 0x00000203fc982440
Event: 0.093 Thread 0x00000203f68d1e70 Thread added: 0x00000203fc9b4aa0
Event: 0.120 Thread 0x00000203f68d1e70 Thread added: 0x000002039d812750
Event: 0.124 Thread 0x00000203f68d1e70 Thread added: 0x000002039d8176b0
Event: 0.237 Thread 0x00000203fc982440 Thread added: 0x00000203e323c6f0
Event: 0.312 Thread 0x00000203f68d1e70 Thread added: 0x00000203e3048070
Event: 0.313 Thread 0x00000203f68d1e70 Thread added: 0x00000203e304c7d0
Event: 0.314 Thread 0x00000203f68d1e70 Thread added: 0x00000203e304ef20
Event: 0.353 Thread 0x00000203f68d1e70 Thread added: 0x00000203e33737e0
Event: 0.354 Thread 0x00000203f68d1e70 Thread exited: 0x00000203f68d1e70
Event: 0.354 Thread 0x00000203f68d1e70 Thread added: 0x00000203f68d1e70
Event: 0.693 Thread 0x00000203e323c6f0 Thread exited: 0x00000203e323c6f0
Event: 1.065 Thread 0x00000203e33737e0 Thread added: 0x00000203e7cc8cd0
Event: 1.644 Thread 0x00000203e33737e0 Thread added: 0x00000203e7de0e60
Event: 1.950 Thread 0x00000203fc9b4aa0 Thread added: 0x00000203e7e6bb50
Event: 2.530 Thread 0x00000203e7e6bb50 Thread exited: 0x00000203e7e6bb50
Event: 2.593 Thread 0x00000203e33737e0 Thread added: 0x00000203e866a770
Event: 3.270 Thread 0x00000203e866a770 Thread added: 0x00000203e8077640
Event: 3.363 Thread 0x00000203e866a770 Thread added: 0x00000203e7eee620
Event: 3.369 Thread 0x00000203e866a770 Thread added: 0x00000203e7eef570


Dynamic libraries:
0x00007ff7c6830000 - 0x00007ff7c6840000 	C:\Program Files\Java\jdk-24\bin\java.exe
0x00007ffcc49b0000 - 0x00007ffcc4ba8000 	C:\Windows\SYSTEM32\ntdll.dll
0x00007ffcc36a0000 - 0x00007ffcc375d000 	C:\Windows\System32\KERNEL32.DLL
0x00007ffcc21d0000 - 0x00007ffcc24c6000 	C:\Windows\System32\KERNELBASE.dll
0x00007ffcc20d0000 - 0x00007ffcc21d0000 	C:\Windows\System32\ucrtbase.dll
0x00007ffc8c540000 - 0x00007ffc8c55b000 	C:\Program Files\Java\jdk-24\bin\VCRUNTIME140.dll
0x00007ffc81670000 - 0x00007ffc81686000 	C:\Program Files\Java\jdk-24\bin\jli.dll
0x00007ffc9f9b0000 - 0x00007ffc9fc4a000 	C:\Windows\WinSxS\amd64_microsoft.windows.common-controls_6595b64144ccf1df_6.0.19041.3636_none_60b6a03d71f818d5\COMCTL32.dll
0x00007ffcc3760000 - 0x00007ffcc37fe000 	C:\Windows\System32\msvcrt.dll
0x00007ffcc4980000 - 0x00007ffcc49ac000 	C:\Windows\System32\GDI32.dll
0x00007ffcc4160000 - 0x00007ffcc42fe000 	C:\Windows\System32\USER32.dll
0x00007ffcc2990000 - 0x00007ffcc29b2000 	C:\Windows\System32\win32u.dll
0x00007ffcc26d0000 - 0x00007ffcc27ea000 	C:\Windows\System32\gdi32full.dll
0x00007ffcc24d0000 - 0x00007ffcc256d000 	C:\Windows\System32\msvcp_win.dll
0x00007ffcc35c0000 - 0x00007ffcc35f0000 	C:\Windows\System32\IMM32.DLL
0x00007ffca3110000 - 0x00007ffca311c000 	C:\Program Files\Java\jdk-24\bin\vcruntime140_1.dll
0x00007ffc40600000 - 0x00007ffc4068e000 	C:\Program Files\Java\jdk-24\bin\msvcp140.dll
0x00007ffc021d0000 - 0x00007ffc02f72000 	C:\Program Files\Java\jdk-24\bin\server\jvm.dll
0x00007ffcc46d0000 - 0x00007ffcc477f000 	C:\Windows\System32\ADVAPI32.dll
0x00007ffcc4300000 - 0x00007ffcc439c000 	C:\Windows\System32\sechost.dll
0x00007ffcc4850000 - 0x00007ffcc4976000 	C:\Windows\System32\RPCRT4.dll
0x00007ffcc3b60000 - 0x00007ffcc3bcb000 	C:\Windows\System32\WS2_32.dll
0x00007ffcc1680000 - 0x00007ffcc16cb000 	C:\Windows\SYSTEM32\POWRPROF.dll
0x00007ffcb5af0000 - 0x00007ffcb5b17000 	C:\Windows\SYSTEM32\WINMM.dll
0x00007ffcb9520000 - 0x00007ffcb952a000 	C:\Windows\SYSTEM32\VERSION.dll
0x00007ffcc14f0000 - 0x00007ffcc1502000 	C:\Windows\SYSTEM32\UMPDC.dll
0x00007ffcbffb0000 - 0x00007ffcbffc2000 	C:\Windows\SYSTEM32\kernel.appcore.dll
0x00007ffca05a0000 - 0x00007ffca05aa000 	C:\Program Files\Java\jdk-24\bin\jimage.dll
0x00007ffcaff70000 - 0x00007ffcb0154000 	C:\Windows\SYSTEM32\DBGHELP.DLL
0x00007ffca5c40000 - 0x00007ffca5c74000 	C:\Windows\SYSTEM32\dbgcore.DLL
0x00007ffcc29c0000 - 0x00007ffcc2a42000 	C:\Windows\System32\bcryptPrimitives.dll
0x00007ffc7ab40000 - 0x00007ffc7ab5e000 	C:\Program Files\Java\jdk-24\bin\java.dll
0x00007ffcc2a50000 - 0x00007ffcc2b7b000 	C:\Windows\System32\ole32.dll
0x00007ffcc3800000 - 0x00007ffcc3b54000 	C:\Windows\System32\combase.dll
0x00007ffcc2d40000 - 0x00007ffcc3484000 	C:\Windows\System32\SHELL32.dll
0x00007ffcc01b0000 - 0x00007ffcc094b000 	C:\Windows\SYSTEM32\windows.storage.dll
0x00007ffcc1b10000 - 0x00007ffcc1b3d000 	C:\Windows\SYSTEM32\Wldp.dll
0x00007ffcc3510000 - 0x00007ffcc35bd000 	C:\Windows\System32\SHCORE.dll
0x00007ffcc34b0000 - 0x00007ffcc3505000 	C:\Windows\System32\shlwapi.dll
0x00007ffcc2000000 - 0x00007ffcc2025000 	C:\Windows\SYSTEM32\profapi.dll
0x00007ffc3d7d0000 - 0x00007ffc3d8a7000 	C:\Program Files\Java\jdk-24\bin\jsvml.dll
0x00007ffc34bb0000 - 0x00007ffc34d2f000 	C:\Program Files\Java\jdk-24\bin\awt.dll
0x00007ffcc44c0000 - 0x00007ffcc458d000 	C:\Windows\System32\OLEAUT32.dll
0x00007ffcbf9f0000 - 0x00007ffcbfa80000 	C:\Windows\SYSTEM32\apphelp.dll
0x00007ffc8de70000 - 0x00007ffc8de80000 	C:\Program Files\Java\jdk-24\bin\net.dll
0x00007ffcc1870000 - 0x00007ffcc18da000 	C:\Windows\system32\mswsock.dll
0x00007ffc73fd0000 - 0x00007ffc73fe6000 	C:\Program Files\Java\jdk-24\bin\nio.dll
0x00007ffc42320000 - 0x00007ffc42337000 	C:\Program Files\Java\jdk-24\bin\zip.dll
0x00007ffcbfaf0000 - 0x00007ffcbfb8e000 	C:\Windows\system32\uxtheme.dll
0x00007ffcc43a0000 - 0x00007ffcc44b4000 	C:\Windows\System32\MSCTF.dll
0x00007ffcbfcc0000 - 0x00007ffcbfcef000 	C:\Windows\system32\DWMAPI.DLL
0x00007ffc6fab0000 - 0x00007ffc6fbd5000 	C:\Windows\system32\opengl32.dll
0x00007ffc8c1c0000 - 0x00007ffc8c1ec000 	C:\Windows\SYSTEM32\GLU32.dll
0x00007ffc5c8d0000 - 0x00007ffc5ca9d000 	C:\Windows\system32\d3d9.dll
0x00007ffcb9280000 - 0x00007ffcb9345000 	C:\Windows\System32\DriverStore\FileRepository\nv_dispi.inf_amd64_37503b637f6a53da\nvldumdx.dll
0x00007ffcc1ca0000 - 0x00007ffcc1cb2000 	C:\Windows\SYSTEM32\msasn1.dll
0x00007ffcb94e0000 - 0x00007ffcb9511000 	C:\Windows\SYSTEM32\cryptnet.dll
0x00007ffcc2570000 - 0x00007ffcc26cd000 	C:\Windows\System32\CRYPT32.dll
0x00007ffcc1a80000 - 0x00007ffcc1a8c000 	C:\Windows\SYSTEM32\cryptbase.dll
0x00007ffcb9130000 - 0x00007ffcb9278000 	C:\Windows\SYSTEM32\drvstore.dll
0x00007ffcc1e60000 - 0x00007ffcc1e93000 	C:\Windows\SYSTEM32\devobj.dll
0x00007ffcc2940000 - 0x00007ffcc298e000 	C:\Windows\System32\cfgmgr32.dll
0x00007ffcc27f0000 - 0x00007ffcc2857000 	C:\Windows\System32\wintrust.dll
0x00007ffcc3490000 - 0x00007ffcc34ad000 	C:\Windows\System32\imagehlp.dll
0x00007ffcc1a60000 - 0x00007ffcc1a78000 	C:\Windows\SYSTEM32\CRYPTSP.dll
0x00007ffcc1130000 - 0x00007ffcc1164000 	C:\Windows\system32\rsaenh.dll
0x00007ffcc2910000 - 0x00007ffcc2937000 	C:\Windows\System32\bcrypt.dll
0x00007ffcb0e40000 - 0x00007ffcb4bd4000 	C:\Windows\System32\DriverStore\FileRepository\nv_dispi.inf_amd64_37503b637f6a53da\nvgpucomp64.dll
0x00007ffcb5ce0000 - 0x00007ffcb5dbe000 	C:\Windows\System32\DriverStore\FileRepository\nv_dispi.inf_amd64_37503b637f6a53da\NvMemMapStoragex.dll
0x00007ffc28360000 - 0x00007ffc2ae65000 	C:\Windows\System32\DriverStore\FileRepository\nv_dispi.inf_amd64_37503b637f6a53da\nvd3dumx.dll
0x00007ffc3c330000 - 0x00007ffc3c477000 	C:\Windows\system32\nvspcap64.dll
0x00007ffcc1250000 - 0x00007ffcc1283000 	C:\Windows\SYSTEM32\ntmarta.dll
0x00007ffcc0960000 - 0x00007ffcc0983000 	C:\Windows\SYSTEM32\gpapi.dll
0x00007ffc3c170000 - 0x00007ffc3c327000 	C:\Windows\System32\DriverStore\FileRepository\nv_dispi.inf_amd64_37503b637f6a53da\nvppex.dll
0x00007ffcb98a0000 - 0x00007ffcb98db000 	C:\Windows\SYSTEM32\dxcore.dll
0x00007ffc422f0000 - 0x00007ffc4231e000 	C:\Program Files\Java\jdk-24\bin\javajpeg.dll
0x000002039ddb0000 - 0x000002039ddb4000 	C:\Users\poxzcho\Desktop\sho-20240514T180339Z-001\sho\POO\Proyecto-Final-POO---Grupo-10\src\javafx-sdk-21.0.12\bin\api-ms-win-core-console-l1-1-0.dll
0x000002039df60000 - 0x000002039df64000 	C:\Users\poxzcho\Desktop\sho-20240514T180339Z-001\sho\POO\Proyecto-Final-POO---Grupo-10\src\javafx-sdk-21.0.12\bin\api-ms-win-core-console-l1-2-0.dll
0x000002039df70000 - 0x000002039df74000 	C:\Users\poxzcho\Desktop\sho-20240514T180339Z-001\sho\POO\Proyecto-Final-POO---Grupo-10\src\javafx-sdk-21.0.12\bin\api-ms-win-core-datetime-l1-1-0.dll
0x000002039df80000 - 0x000002039df84000 	C:\Users\poxzcho\Desktop\sho-20240514T180339Z-001\sho\POO\Proyecto-Final-POO---Grupo-10\src\javafx-sdk-21.0.12\bin\api-ms-win-core-debug-l1-1-0.dll
0x000002039df90000 - 0x000002039df94000 	C:\Users\poxzcho\Desktop\sho-20240514T180339Z-001\sho\POO\Proyecto-Final-POO---Grupo-10\src\javafx-sdk-21.0.12\bin\api-ms-win-core-errorhandling-l1-1-0.dll
0x000002039dfa0000 - 0x000002039dfa5000 	C:\Users\poxzcho\Desktop\sho-20240514T180339Z-001\sho\POO\Proyecto-Final-POO---Grupo-10\src\javafx-sdk-21.0.12\bin\api-ms-win-core-file-l1-1-0.dll
0x000002039dfb0000 - 0x000002039dfb4000 	C:\Users\poxzcho\Desktop\sho-20240514T180339Z-001\sho\POO\Proyecto-Final-POO---Grupo-10\src\javafx-sdk-21.0.12\bin\api-ms-win-core-file-l1-2-0.dll
0x000002039dfc0000 - 0x000002039dfc4000 	C:\Users\poxzcho\Desktop\sho-20240514T180339Z-001\sho\POO\Proyecto-Final-POO---Grupo-10\src\javafx-sdk-21.0.12\bin\api-ms-win-core-file-l2-1-0.dll
0x000002039dfd0000 - 0x000002039dfd4000 	C:\Users\poxzcho\Desktop\sho-20240514T180339Z-001\sho\POO\Proyecto-Final-POO---Grupo-10\src\javafx-sdk-21.0.12\bin\api-ms-win-core-handle-l1-1-0.dll
0x000002039dfe0000 - 0x000002039dfe4000 	C:\Users\poxzcho\Desktop\sho-20240514T180339Z-001\sho\POO\Proyecto-Final-POO---Grupo-10\src\javafx-sdk-21.0.12\bin\api-ms-win-core-heap-l1-1-0.dll
0x000002039dff0000 - 0x000002039dff4000 	C:\Users\poxzcho\Desktop\sho-20240514T180339Z-001\sho\POO\Proyecto-Final-POO---Grupo-10\src\javafx-sdk-21.0.12\bin\api-ms-win-core-interlocked-l1-1-0.dll
0x00000203eb190000 - 0x00000203eb194000 	C:\Users\poxzcho\Desktop\sho-20240514T180339Z-001\sho\POO\Proyecto-Final-POO---Grupo-10\src\javafx-sdk-21.0.12\bin\api-ms-win-core-libraryloader-l1-1-0.dll
0x00000203eb1a0000 - 0x00000203eb1a4000 	C:\Users\poxzcho\Desktop\sho-20240514T180339Z-001\sho\POO\Proyecto-Final-POO---Grupo-10\src\javafx-sdk-21.0.12\bin\api-ms-win-core-localization-l1-2-0.dll
0x00000203eb1b0000 - 0x00000203eb1b4000 	C:\Users\poxzcho\Desktop\sho-20240514T180339Z-001\sho\POO\Proyecto-Final-POO---Grupo-10\src\javafx-sdk-21.0.12\bin\api-ms-win-core-memory-l1-1-0.dll
0x00000203eb1c0000 - 0x00000203eb1c4000 	C:\Users\poxzcho\Desktop\sho-20240514T180339Z-001\sho\POO\Proyecto-Final-POO---Grupo-10\src\javafx-sdk-21.0.12\bin\api-ms-win-core-namedpipe-l1-1-0.dll
0x00000203eb1d0000 - 0x00000203eb1d4000 	C:\Users\poxzcho\Desktop\sho-20240514T180339Z-001\sho\POO\Proyecto-Final-POO---Grupo-10\src\javafx-sdk-21.0.12\bin\api-ms-win-core-processenvironment-l1-1-0.dll
0x00000203eb1e0000 - 0x00000203eb1e4000 	C:\Users\poxzcho\Desktop\sho-20240514T180339Z-001\sho\POO\Proyecto-Final-POO---Grupo-10\src\javafx-sdk-21.0.12\bin\api-ms-win-core-processthreads-l1-1-0.dll
0x00000203eb1f0000 - 0x00000203eb1f4000 	C:\Users\poxzcho\Desktop\sho-20240514T180339Z-001\sho\POO\Proyecto-Final-POO---Grupo-10\src\javafx-sdk-21.0.12\bin\api-ms-win-core-processthreads-l1-1-1.dll
0x00000203eb200000 - 0x00000203eb204000 	C:\Users\poxzcho\Desktop\sho-20240514T180339Z-001\sho\POO\Proyecto-Final-POO---Grupo-10\src\javafx-sdk-21.0.12\bin\api-ms-win-core-profile-l1-1-0.dll
0x00000203eb210000 - 0x00000203eb214000 	C:\Users\poxzcho\Desktop\sho-20240514T180339Z-001\sho\POO\Proyecto-Final-POO---Grupo-10\src\javafx-sdk-21.0.12\bin\api-ms-win-core-rtlsupport-l1-1-0.dll
0x00000203eb220000 - 0x00000203eb224000 	C:\Users\poxzcho\Desktop\sho-20240514T180339Z-001\sho\POO\Proyecto-Final-POO---Grupo-10\src\javafx-sdk-21.0.12\bin\api-ms-win-core-string-l1-1-0.dll
0x00000203eb230000 - 0x00000203eb234000 	C:\Users\poxzcho\Desktop\sho-20240514T180339Z-001\sho\POO\Proyecto-Final-POO---Grupo-10\src\javafx-sdk-21.0.12\bin\api-ms-win-core-synch-l1-1-0.dll
0x00000203eb240000 - 0x00000203eb244000 	C:\Users\poxzcho\Desktop\sho-20240514T180339Z-001\sho\POO\Proyecto-Final-POO---Grupo-10\src\javafx-sdk-21.0.12\bin\api-ms-win-core-synch-l1-2-0.dll
0x00000203eb250000 - 0x00000203eb254000 	C:\Users\poxzcho\Desktop\sho-20240514T180339Z-001\sho\POO\Proyecto-Final-POO---Grupo-10\src\javafx-sdk-21.0.12\bin\api-ms-win-core-sysinfo-l1-1-0.dll
0x00000203eb260000 - 0x00000203eb264000 	C:\Users\poxzcho\Desktop\sho-20240514T180339Z-001\sho\POO\Proyecto-Final-POO---Grupo-10\src\javafx-sdk-21.0.12\bin\api-ms-win-core-timezone-l1-1-0.dll
0x00000203eb270000 - 0x00000203eb274000 	C:\Users\poxzcho\Desktop\sho-20240514T180339Z-001\sho\POO\Proyecto-Final-POO---Grupo-10\src\javafx-sdk-21.0.12\bin\api-ms-win-core-util-l1-1-0.dll
0x00000203eb280000 - 0x00000203eb284000 	C:\Users\poxzcho\Desktop\sho-20240514T180339Z-001\sho\POO\Proyecto-Final-POO---Grupo-10\src\javafx-sdk-21.0.12\bin\api-ms-win-crt-conio-l1-1-0.dll
0x00000203eb290000 - 0x00000203eb295000 	C:\Users\poxzcho\Desktop\sho-20240514T180339Z-001\sho\POO\Proyecto-Final-POO---Grupo-10\src\javafx-sdk-21.0.12\bin\api-ms-win-crt-convert-l1-1-0.dll
0x00000203eb2a0000 - 0x00000203eb2a4000 	C:\Users\poxzcho\Desktop\sho-20240514T180339Z-001\sho\POO\Proyecto-Final-POO---Grupo-10\src\javafx-sdk-21.0.12\bin\api-ms-win-crt-environment-l1-1-0.dll
0x00000203eb2b0000 - 0x00000203eb2b4000 	C:\Users\poxzcho\Desktop\sho-20240514T180339Z-001\sho\POO\Proyecto-Final-POO---Grupo-10\src\javafx-sdk-21.0.12\bin\api-ms-win-crt-filesystem-l1-1-0.dll
0x00000203eb2c0000 - 0x00000203eb2c4000 	C:\Users\poxzcho\Desktop\sho-20240514T180339Z-001\sho\POO\Proyecto-Final-POO---Grupo-10\src\javafx-sdk-21.0.12\bin\api-ms-win-crt-heap-l1-1-0.dll
0x00000203eb2d0000 - 0x00000203eb2d4000 	C:\Users\poxzcho\Desktop\sho-20240514T180339Z-001\sho\POO\Proyecto-Final-POO---Grupo-10\src\javafx-sdk-21.0.12\bin\api-ms-win-crt-locale-l1-1-0.dll
0x00000203eb2e0000 - 0x00000203eb2e6000 	C:\Users\poxzcho\Desktop\sho-20240514T180339Z-001\sho\POO\Proyecto-Final-POO---Grupo-10\src\javafx-sdk-21.0.12\bin\api-ms-win-crt-math-l1-1-0.dll
0x00000203eb2f0000 - 0x00000203eb2f6000 	C:\Users\poxzcho\Desktop\sho-20240514T180339Z-001\sho\POO\Proyecto-Final-POO---Grupo-10\src\javafx-sdk-21.0.12\bin\api-ms-win-crt-multibyte-l1-1-0.dll
0x00000203eb300000 - 0x00000203eb311000 	C:\Users\poxzcho\Desktop\sho-20240514T180339Z-001\sho\POO\Proyecto-Final-POO---Grupo-10\src\javafx-sdk-21.0.12\bin\api-ms-win-crt-private-l1-1-0.dll
0x00000203eb320000 - 0x00000203eb324000 	C:\Users\poxzcho\Desktop\sho-20240514T180339Z-001\sho\POO\Proyecto-Final-POO---Grupo-10\src\javafx-sdk-21.0.12\bin\api-ms-win-crt-process-l1-1-0.dll
0x00000203eb330000 - 0x00000203eb335000 	C:\Users\poxzcho\Desktop\sho-20240514T180339Z-001\sho\POO\Proyecto-Final-POO---Grupo-10\src\javafx-sdk-21.0.12\bin\api-ms-win-crt-runtime-l1-1-0.dll
0x00000203eb340000 - 0x00000203eb345000 	C:\Users\poxzcho\Desktop\sho-20240514T180339Z-001\sho\POO\Proyecto-Final-POO---Grupo-10\src\javafx-sdk-21.0.12\bin\api-ms-win-crt-stdio-l1-1-0.dll
0x00000203eb350000 - 0x00000203eb355000 	C:\Users\poxzcho\Desktop\sho-20240514T180339Z-001\sho\POO\Proyecto-Final-POO---Grupo-10\src\javafx-sdk-21.0.12\bin\api-ms-win-crt-string-l1-1-0.dll
0x00000203eb360000 - 0x00000203eb364000 	C:\Users\poxzcho\Desktop\sho-20240514T180339Z-001\sho\POO\Proyecto-Final-POO---Grupo-10\src\javafx-sdk-21.0.12\bin\api-ms-win-crt-time-l1-1-0.dll
0x00000203eb370000 - 0x00000203eb374000 	C:\Users\poxzcho\Desktop\sho-20240514T180339Z-001\sho\POO\Proyecto-Final-POO---Grupo-10\src\javafx-sdk-21.0.12\bin\api-ms-win-crt-utility-l1-1-0.dll
0x00007ffc3d6b0000 - 0x00007ffc3d7c1000 	C:\Users\poxzcho\Desktop\sho-20240514T180339Z-001\sho\POO\Proyecto-Final-POO---Grupo-10\src\javafx-sdk-21.0.12\bin\ucrtbase.dll
0x00007ffc40c50000 - 0x00007ffc40c6e000 	C:\Users\poxzcho\Desktop\sho-20240514T180339Z-001\sho\POO\Proyecto-Final-POO---Grupo-10\src\javafx-sdk-21.0.12\bin\vcruntime140.dll
0x00007ffc8c530000 - 0x00007ffc8c53c000 	C:\Users\poxzcho\Desktop\sho-20240514T180339Z-001\sho\POO\Proyecto-Final-POO---Grupo-10\src\javafx-sdk-21.0.12\bin\vcruntime140_1.dll
0x00007ffc3ca50000 - 0x00007ffc3cadd000 	C:\Users\poxzcho\Desktop\sho-20240514T180339Z-001\sho\POO\Proyecto-Final-POO---Grupo-10\src\javafx-sdk-21.0.12\bin\msvcp140.dll
0x00007ffc7df20000 - 0x00007ffc7df29000 	C:\Users\poxzcho\Desktop\sho-20240514T180339Z-001\sho\POO\Proyecto-Final-POO---Grupo-10\src\javafx-sdk-21.0.12\bin\msvcp140_1.dll
0x00007ffc406b0000 - 0x00007ffc406f1000 	C:\Users\poxzcho\Desktop\sho-20240514T180339Z-001\sho\POO\Proyecto-Final-POO---Grupo-10\src\javafx-sdk-21.0.12\bin\msvcp140_2.dll
0x00007ffc405d0000 - 0x00007ffc40600000 	C:\Users\poxzcho\Desktop\sho-20240514T180339Z-001\sho\POO\Proyecto-Final-POO---Grupo-10\src\javafx-sdk-21.0.12\bin\prism_d3d.dll
0x00007ffc3d2d0000 - 0x00007ffc3d319000 	C:\Users\poxzcho\Desktop\sho-20240514T180339Z-001\sho\POO\Proyecto-Final-POO---Grupo-10\src\javafx-sdk-21.0.12\bin\glass.dll
0x00007ffcc45f0000 - 0x00007ffcc46ca000 	C:\Windows\System32\COMDLG32.dll
0x00007ffcc35f0000 - 0x00007ffcc3699000 	C:\Windows\System32\clbcatq.dll
0x00007ffcb84c0000 - 0x00007ffcb8601000 	C:\Windows\System32\Windows.UI.dll

JVMTI agents: none

dbghelp: loaded successfully - version: 4.0.5 - missing functions: none
symbol engine: initialized successfully - sym options: 0x614 - pdb path: .;C:\Program Files\Java\jdk-24\bin;C:\Windows\SYSTEM32;C:\Windows\WinSxS\amd64_microsoft.windows.common-controls_6595b64144ccf1df_6.0.19041.3636_none_60b6a03d71f818d5;C:\Program Files\Java\jdk-24\bin\server;C:\Windows\System32\DriverStore\FileRepository\nv_dispi.inf_amd64_37503b637f6a53da;C:\Users\poxzcho\Desktop\sho-20240514T180339Z-001\sho\POO\Proyecto-Final-POO---Grupo-10\src\javafx-sdk-21.0.12\bin

VM Arguments:
jvm_args: -XX:+ShowCodeDetailsInExceptionMessages 
java_command: App
java_class_path (initial): C:\Users\poxzcho\Desktop\sho-20240514T180339Z-001\sho\POO\Proyecto-Final-POO---Grupo-10\bin;c:\Users\poxzcho\Desktop\sho-20240514T180339Z-001\sho\POO\Proyecto-Final-POO---Grupo-10\src\javafx-sdk-21.0.12\lib\javafx.web.jar;c:\Users\poxzcho\Desktop\sho-20240514T180339Z-001\sho\POO\Proyecto-Final-POO---Grupo-10\src\javafx-sdk-21.0.12\lib\javafx.controls.jar;c:\Users\poxzcho\Desktop\sho-20240514T180339Z-001\sho\POO\Proyecto-Final-POO---Grupo-10\src\javafx-sdk-21.0.12\lib\javafx.graphics.jar;c:\Users\poxzcho\Desktop\sho-20240514T180339Z-001\sho\POO\Proyecto-Final-POO---Grupo-10\src\javafx-sdk-21.0.12\lib\javafx.base.jar;c:\Users\poxzcho\Desktop\sho-20240514T180339Z-001\sho\POO\Proyecto-Final-POO---Grupo-10\src\javafx-sdk-21.0.12\lib\javafx.media.jar;c:\Users\poxzcho\Desktop\sho-20240514T180339Z-001\sho\POO\Proyecto-Final-POO---Grupo-10\src\javafx-sdk-21.0.12\lib\javafx.fxml.jar;c:\Users\poxzcho\Desktop\sho-20240514T180339Z-001\sho\POO\Proyecto-Final-POO---Grupo-10\src\javafx-sdk-21.0.12\lib\javafx.swing.jar
Launcher Type: SUN_STANDARD

[Global flags]
     intx CICompilerCount                          = 3                                         {product} {ergonomic}
     uint ConcGCThreads                            = 1                                         {product} {ergonomic}
     uint G1ConcRefinementThreads                  = 4                                         {product} {ergonomic}
   size_t G1HeapRegionSize                         = 4194304                                   {product} {ergonomic}
   size_t InitialHeapSize                          = 402653184                                 {product} {ergonomic}
   size_t MarkStackSize                            = 4194304                                   {product} {ergonomic}
   size_t MarkStackSizeMax                         = 536870912                                 {product} {ergonomic}
   size_t MaxHeapSize                              = 6434062336                                {product} {ergonomic}
   size_t MaxNewSize                               = 3858759680                                {product} {ergonomic}
   size_t MinHeapDeltaBytes                        = 4194304                                   {product} {ergonomic}
   size_t MinHeapSize                              = 8388608                                   {product} {ergonomic}
    uintx NonNMethodCodeHeapSize                   = 5832704                                {pd product} {ergonomic}
    uintx NonProfiledCodeHeapSize                  = 122945536                              {pd product} {ergonomic}
    uintx ProfiledCodeHeapSize                     = 122880000                              {pd product} {ergonomic}
    uintx ReservedCodeCacheSize                    = 251658240                              {pd product} {ergonomic}
     bool SegmentedCodeCache                       = true                                      {product} {ergonomic}
     bool ShowCodeDetailsInExceptionMessages       = true                                   {manageable} {command line}
   size_t SoftMaxHeapSize                          = 6434062336                             {manageable} {ergonomic}
     bool UseCompressedOops                        = true                           {product lp64_product} {ergonomic}
     bool UseG1GC                                  = true                                      {product} {ergonomic}
     bool UseLargePagesIndividualAllocation        = false                                  {pd product} {ergonomic}

Logging:
Log output configuration:
 #0: stdout all=warning uptime,level,tags foldmultilines=false
 #1: stderr all=off uptime,level,tags foldmultilines=false

Environment Variables:
PATH=C:\Python314\Scripts\;C:\Python314\;C:\Program Files\Common Files\Oracle\Java\javapath;C:\Program Files (x86)\Common Files\Oracle\Java\java8path;C:\Program Files (x86)\Common Files\Oracle\Java\javapath;C:\GNAT\bin;C:\Windows\system32;C:\Windows;C:\Windows\System32\Wbem;C:\Windows\System32\WindowsPowerShell\v1.0\;C:\Windows\System32\OpenSSH\;C:\Program Files (x86)\NVIDIA Corporation\PhysX\Common;C:\Program Files\NVIDIA Corporation\NVIDIA app\NvDLISR;C:\Program Files\dotnet\;C:\Program Files\nodejs\;C:\ProgramData\chocolatey\bin;C:\Program Files\Git\cmd;C:\Users\poxzcho\AppData\Local\Programs\Python\Launcher\;C:\Users\poxzcho\AppData\Local\Microsoft\WindowsApps;C:\Users\poxzcho\AppData\Local\Programs\Python\Python313\Scripts;C:\Users\poxzcho\AppData\Local\Programs\Python\Python313;C:\Users\poxzcho\AppData\Local\Programs\Microsoft VS Code\bin;C:\Users\poxzcho\AppData\Roaming\npm;c:\Users\poxzcho\.vscode\extensions\vscjava.vscode-java-debug-0.59.0\bundled\scripts\noConfigScripts
USERNAME=poxzcho
LANG=en_US.UTF-8
OS=Windows_NT
PROCESSOR_IDENTIFIER=Intel64 Family 6 Model 158 Stepping 9, GenuineIntel
TMP=C:\Users\poxzcho\AppData\Local\Temp
TEMP=C:\Users\poxzcho\AppData\Local\Temp




Periodic native trim disabled

---------------  S Y S T E M  ---------------

OS:
 Windows 10 , 64 bit Build 19041 (10.0.19041.3636)
OS uptime: 1 days 0:04 hours

CPU: total 4 (initial active 4) (4 cores per cpu, 1 threads per core) family 6 model 158 stepping 9 microcode 0xb4, cx8, cmov, fxsr, mmx, 3dnowpref, sse, sse2, sse3, ssse3, sse4.1, sse4.2, popcnt, lzcnt, tsc, tscinvbit, avx, avx2, aes, erms, clmul, bmi1, bmi2, adx, fma, vzeroupper, clflush, clflushopt, rdtscp, f16c
Processor Information for the first 4 processors :
  Max Mhz: 3001, Current Mhz: 3001, Mhz Limit: 3001

Memory: 4k page, system-wide physical 24531M (4994M free)
TotalPageFile size 27300M (AvailPageFile size 2863M)
current process WorkingSet (physical memory assigned to process): 144M, peak: 144M
current process commit charge ("private bytes"): 532M, peak: 537M

vm_info: Java HotSpot(TM) 64-Bit Server VM (24.0.1+9-30) for windows-amd64 JRE (24.0.1+9-30), built on 2025-03-05T07:23:45Z with MS VC++ 17.6 (VS2022)

END.
